Archive member included to satisfy reference by file (symbol)

C:\Users\Matata\Dropbox\Tecnicas Digitales 2\Proyecto\Codigo\Micro\Proyecto\lpc_chip_175x_6x\libs\libusbd_175x_6x_lib.a(mw_usbd_rom_api.o)
                              ./example/src/freertos_blinky.o (hid_api)
C:\Users\Matata\Dropbox\Tecnicas Digitales 2\Proyecto\Codigo\Micro\Proyecto\lpc_chip_175x_6x\libs\libusbd_175x_6x_lib.a(hw_usbd_ip3503.o)
                              C:\Users\Matata\Dropbox\Tecnicas Digitales 2\Proyecto\Codigo\Micro\Proyecto\lpc_chip_175x_6x\libs\libusbd_175x_6x_lib.a(mw_usbd_rom_api.o) (hwUSB_GetMemSize)
C:\Users\Matata\Dropbox\Tecnicas Digitales 2\Proyecto\Codigo\Micro\Proyecto\lpc_chip_175x_6x\libs\libusbd_175x_6x_lib.a(mw_usbd_cdcuser.o)
                              C:\Users\Matata\Dropbox\Tecnicas Digitales 2\Proyecto\Codigo\Micro\Proyecto\lpc_chip_175x_6x\libs\libusbd_175x_6x_lib.a(mw_usbd_rom_api.o) (mwCDC_SendNotification)
C:\Users\Matata\Dropbox\Tecnicas Digitales 2\Proyecto\Codigo\Micro\Proyecto\lpc_chip_175x_6x\libs\libusbd_175x_6x_lib.a(mw_usbd_core.o)
                              C:\Users\Matata\Dropbox\Tecnicas Digitales 2\Proyecto\Codigo\Micro\Proyecto\lpc_chip_175x_6x\libs\libusbd_175x_6x_lib.a(mw_usbd_rom_api.o) (mwUSB_SetupStage)
C:\Users\Matata\Dropbox\Tecnicas Digitales 2\Proyecto\Codigo\Micro\Proyecto\lpc_chip_175x_6x\libs\libusbd_175x_6x_lib.a(mw_usbd_dfuuser.o)
                              C:\Users\Matata\Dropbox\Tecnicas Digitales 2\Proyecto\Codigo\Micro\Proyecto\lpc_chip_175x_6x\libs\libusbd_175x_6x_lib.a(mw_usbd_rom_api.o) (mwDFU_GetMemSize)
C:\Users\Matata\Dropbox\Tecnicas Digitales 2\Proyecto\Codigo\Micro\Proyecto\lpc_chip_175x_6x\libs\libusbd_175x_6x_lib.a(mw_usbd_hiduser.o)
                              C:\Users\Matata\Dropbox\Tecnicas Digitales 2\Proyecto\Codigo\Micro\Proyecto\lpc_chip_175x_6x\libs\libusbd_175x_6x_lib.a(mw_usbd_rom_api.o) (mwHID_GetMemSize)
C:\Users\Matata\Dropbox\Tecnicas Digitales 2\Proyecto\Codigo\Micro\Proyecto\lpc_chip_175x_6x\libs\libusbd_175x_6x_lib.a(mw_usbd_mscuser.o)
                              C:\Users\Matata\Dropbox\Tecnicas Digitales 2\Proyecto\Codigo\Micro\Proyecto\lpc_chip_175x_6x\libs\libusbd_175x_6x_lib.a(mw_usbd_rom_api.o) (mwMSC_GetMemSize)
C:\Users\Matata\Dropbox\Tecnicas Digitales 2\Proyecto\Codigo\Micro\Proyecto\lpc_board_nxp_lpcxpresso_1769\Debug\liblpc_board_nxp_lpcxpresso_1769.a(board.o)
                              ./freertos/src/FreeRTOSCommonHooks.o (Board_UARTPutSTR)
C:\Users\Matata\Dropbox\Tecnicas Digitales 2\Proyecto\Codigo\Micro\Proyecto\lpc_chip_175x_6x\Debug\liblpc_chip_175x_6x.a(adc_17xx_40xx.o)
                              ./example/src/freertos_blinky.o (Chip_ADC_Init)
C:\Users\Matata\Dropbox\Tecnicas Digitales 2\Proyecto\Codigo\Micro\Proyecto\lpc_chip_175x_6x\Debug\liblpc_chip_175x_6x.a(chip_17xx_40xx.o)
                              ./freertos/src/port.o (SystemCoreClock)
C:\Users\Matata\Dropbox\Tecnicas Digitales 2\Proyecto\Codigo\Micro\Proyecto\lpc_chip_175x_6x\Debug\liblpc_chip_175x_6x.a(clock_17xx_40xx.o)
                              C:\Users\Matata\Dropbox\Tecnicas Digitales 2\Proyecto\Codigo\Micro\Proyecto\lpc_chip_175x_6x\Debug\liblpc_chip_175x_6x.a(chip_17xx_40xx.o) (Chip_Clock_EnablePLL)
C:\Users\Matata\Dropbox\Tecnicas Digitales 2\Proyecto\Codigo\Micro\Proyecto\lpc_chip_175x_6x\Debug\liblpc_chip_175x_6x.a(i2s_17xx_40xx.o)
                              C:\Users\Matata\Dropbox\Tecnicas Digitales 2\Proyecto\Codigo\Micro\Proyecto\lpc_board_nxp_lpcxpresso_1769\Debug\liblpc_board_nxp_lpcxpresso_1769.a(board.o) (Chip_I2S_Init)
C:\Users\Matata\Dropbox\Tecnicas Digitales 2\Proyecto\Codigo\Micro\Proyecto\lpc_chip_175x_6x\Debug\liblpc_chip_175x_6x.a(iocon_17xx_40xx.o)
                              ./example/src/TFT/TFT.o (Chip_IOCON_PinMux)
C:\Users\Matata\Dropbox\Tecnicas Digitales 2\Proyecto\Codigo\Micro\Proyecto\lpc_chip_175x_6x\Debug\liblpc_chip_175x_6x.a(rtc_17xx_40xx.o)
                              ./example/src/FatFs/diskio.o (Chip_RTC_GetFullTime)
C:\Users\Matata\Dropbox\Tecnicas Digitales 2\Proyecto\Codigo\Micro\Proyecto\lpc_chip_175x_6x\Debug\liblpc_chip_175x_6x.a(ssp_17xx_40xx.o)
                              ./example/src/Perifericos/SSP.o (Chip_SSP_Int_FlushData)
C:\Users\Matata\Dropbox\Tecnicas Digitales 2\Proyecto\Codigo\Micro\Proyecto\lpc_chip_175x_6x\Debug\liblpc_chip_175x_6x.a(sysinit_17xx_40xx.o)
                              ./example/src/sysinit.o (Chip_SystemInit)
C:\Users\Matata\Dropbox\Tecnicas Digitales 2\Proyecto\Codigo\Micro\Proyecto\lpc_chip_175x_6x\Debug\liblpc_chip_175x_6x.a(timer_17xx_40xx.o)
                              ./example/src/Perifericos/TIMER.o (Chip_TIMER_Init)
C:\Users\Matata\Dropbox\Tecnicas Digitales 2\Proyecto\Codigo\Micro\Proyecto\lpc_chip_175x_6x\Debug\liblpc_chip_175x_6x.a(uart_17xx_40xx.o)
[...]
Memory Configuration

Name             Origin             Length             Attributes
MFlash512        0x00000000         0x00080000         xr
RamLoc32         0x10000000         0x00008000         xrw
RamAHB32         0x2007c000         0x00008000         xrw
*default*        0x00000000         0xffffffff

Linker script and memory map

LOAD ./freertos/src/FreeRTOSCommonHooks.o
LOAD ./freertos/src/heap_3.o
LOAD ./freertos/src/list.o
LOAD ./freertos/src/port.o
LOAD ./freertos/src/queue.o
LOAD ./freertos/src/tasks.o
LOAD ./example/src/Tasks/Tasks.o
LOAD ./example/src/TFT/Font.o
LOAD ./example/src/TFT/Graphics.o
LOAD ./example/src/TFT/TFT.o
LOAD ./example/src/Perifericos/SSP.o
LOAD ./example/src/Perifericos/TIMER.o
LOAD ./example/src/Fonts/Calibri10.o
LOAD ./example/src/FatFs/option/syscall.o
LOAD ./example/src/FatFs/option/unicode.o
LOAD ./example/src/FatFs/SD_AJS.o
LOAD ./example/src/FatFs/diskio.o
LOAD ./example/src/FatFs/ff.o
LOAD ./example/src/cr_startup_lpc175x_6x.o
LOAD ./example/src/freertos_blinky.o
LOAD ./example/src/hid_desc.o
LOAD ./example/src/hid_generic.o
LOAD ./example/src/sysinit.o
LOAD C:\Users\Matata\Dropbox\Tecnicas Digitales 2\Proyecto\Codigo\Micro\Proyecto\lpc_chip_175x_6x\libs\libusbd_175x_6x_lib.a
LOAD C:\Users\Matata\Dropbox\Tecnicas Digitales 2\Proyecto\Codigo\Micro\Proyecto\lpc_board_nxp_lpcxpresso_1769\Debug\liblpc_board_nxp_lpcxpresso_1769.a
LOAD C:\Users\Matata\Dropbox\Tecnicas Digitales 2\Proyecto\Codigo\Micro\Proyecto\lpc_chip_175x_6x\Debug\liblpc_chip_175x_6x.a
START GROUP
LOAD c:/nxp/lpcxpresso_8.1.2_603/lpcxpresso/tools/bin/../lib/gcc/arm-none-eabi/5.2.1/../../../../arm-none-eabi/lib/armv7-m\libcr_nohost.a
LOAD c:/nxp/lpcxpresso_8.1.2_603/lpcxpresso/tools/bin/../lib/gcc/arm-none-eabi/5.2.1/../../../../arm-none-eabi/lib/armv7-m\libcr_c.a
LOAD c:/nxp/lpcxpresso_8.1.2_603/lpcxpresso/tools/bin/../lib/gcc/arm-none-eabi/5.2.1/armv7-m\libcr_eabihelpers.a
END GROUP
                0x00000000                __base_MFlash512 = 0x0
                0x00000000                __base_Flash = 0x0
                0x00080000                __top_MFlash512 = 0x80000
                0x00080000                __top_Flash = 0x80000
                0x10000000                __base_RamLoc32 = 0x10000000
                0x10000000                __base_RAM = 0x10000000
                0x10008000                __top_RamLoc32 = 0x10008000
                0x10008000                __top_RAM = 0x10008000
                0x2007c000                __base_RamAHB32 = 0x2007c000
                0x2007c000                __base_RAM2 = 0x2007c000
                0x20084000                __top_RamAHB32 = 0x20084000
                0x20084000                __top_RAM2 = 0x20084000

.text           0x00000000     0xb644
 FILL mask 0xff
                0x00000000                __vectors_start__ = ABSOLUTE (.)
 *(.isr_vector)
 .isr_vector    0x00000000       0xcc ./example/src/cr_startup_lpc175x_6x.o
                0x00000000                g_pfnVectors
                0x000000cc                . = ALIGN (0x4)
                0x000000cc                __section_table_start = .
                0x000000cc                __data_section_table = .
                0x000000cc        0x4 LONG 0xb644 LOADADDR (.data)
                0x000000d0        0x4 LONG 0x10000000 ADDR (.data)
                0x000000d4        0x4 LONG 0x38 SIZEOF (.data)
                0x000000d8        0x4 LONG 0xb644 LOADADDR (.data_RAM2)
                0x000000dc        0x4 LONG 0x2007c000 ADDR (.data_RAM2)
                0x000000e0        0x4 LONG 0x0 SIZEOF (.data_RAM2)
                0x000000e4                __data_section_table_end = .
                0x000000e4                __bss_section_table = .
                0x000000e4        0x4 LONG 0x10000038 ADDR (.bss)
                0x000000e8        0x4 LONG 0xf94 SIZEOF (.bss)
                0x000000ec        0x4 LONG 0x2007c000 ADDR (.bss_RAM2)
                0x000000f0        0x4 LONG 0x0 SIZEOF (.bss_RAM2)
                0x000000f4                __bss_section_table_end = .
                0x000000f4                __section_table_end = .
 *(.after_vectors*)
 .after_vectors
                0x000000f4      0x13c ./example/src/cr_startup_lpc175x_6x.o
                0x000000f4                data_init
                0x00000138                bss_init
                0x00000170                ResetISR
                0x000001e8                NMI_Handler
                0x000001f0                MemManage_Handler
                0x000001f8                BusFault_Handler
                0x00000200                UsageFault_Handler
                0x00000210                DebugMon_Handler
                0x00000228                UART1_IRQHandler
                0x00000228                I2C1_IRQHandler
                0x00000228                TIMER3_IRQHandler
                0x00000228                UART0_IRQHandler
                0x00000228                USBActivity_IRQHandler
                0x00000228                CANActivity_IRQHandler
                0x00000228                EINT2_IRQHandler
                0x00000228                IntDefaultHandler
                0x00000228                PLL0_IRQHandler
                0x00000228                I2C0_IRQHandler
                0x00000228                PLL1_IRQHandler
                0x00000228                SSP0_IRQHandler
                0x00000228                I2S_IRQHandler
                0x00000228                I2C2_IRQHandler
                0x00000228                RTC_IRQHandler
                0x00000228                SPI_IRQHandler
                0x00000228                RIT_IRQHandler
                0x00000228                EINT1_IRQHandler
                0x00000228                UART2_IRQHandler
                0x00000228                BOD_IRQHandler
                0x00000228                PWM1_IRQHandler
                0x00000228                WDT_IRQHandler
                0x00000228                QEI_IRQHandler
                0x00000228                EINT0_IRQHandler
                0x00000228                ETH_IRQHandler
                0x00000228                CAN_IRQHandler
                0x00000228                DMA_IRQHandler
                0x00000228                TIMER2_IRQHandler
                0x00000228                UART3_IRQHandler
                0x00000228                MCPWM_IRQHandler
 *(.text*)
 .text.vApplicationIdleHook
                0x00000230       0x10 ./freertos/src/FreeRTOSCommonHooks.o
                0x00000230                vApplicationIdleHook
 .text.pvPortMalloc
                0x00000240       0x24 ./freertos/src/heap_3.o
                0x00000240                pvPortMalloc
 .text.vPortFree
                0x00000264       0x24 ./freertos/src/heap_3.o
                0x00000264                vPortFree
 .text.vListInitialise
                0x00000288       0x40 ./freertos/src/list.o
                0x00000288                vListInitialise
 .text.vListInitialiseItem
                0x000002c8       0x18 ./freertos/src/list.o
                0x000002c8                vListInitialiseItem
 .text.vListInsertEnd
                0x000002e0       0x48 ./freertos/src/list.o
                0x000002e0                vListInsertEnd
 .text.vListInsert
                0x00000328       0x70 ./freertos/src/list.o
                0x00000328                vListInsert
 .text.uxListRemove
                0x00000398       0x54 ./freertos/src/list.o
                0x00000398                uxListRemove
 .text.pxPortInitialiseStack
                0x000003ec       0x54 ./freertos/src/port.o
                0x000003ec                pxPortInitialiseStack
 .text.prvTaskExitError
                0x00000440        0xc ./freertos/src/port.o
 .text.SVC_Handler
                0x0000044c       0x24 ./freertos/src/port.o
                0x0000044c                SVC_Handler
 .text.prvPortStartFirstTask
                0x00000470       0x18 ./freertos/src/port.o
 .text.xPortStartScheduler
                0x00000488       0x38 ./freertos/src/port.o
                0x00000488                xPortStartScheduler
 .text.vPortYield
                0x000004c0       0x20 ./freertos/src/port.o
                0x000004c0                vPortYield
 .text.vPortEnterCritical
                0x000004e0       0x24 ./freertos/src/port.o
                0x000004e0                vPortEnterCritical
 .text.vPortExitCritical
                0x00000504       0x24 ./freertos/src/port.o
                0x00000504                vPortExitCritical
 .text.ulPortSetInterruptMask
                0x00000528       0x14 ./freertos/src/port.o
                0x00000528                ulPortSetInterruptMask
 .text.vPortClearInterruptMask
                0x0000053c        0x8 ./freertos/src/port.o
                0x0000053c                vPortClearInterruptMask
 .text.PendSV_Handler
                0x00000544       0x40 ./freertos/src/port.o
                0x00000544                PendSV_Handler
 .text.SysTick_Handler
                0x00000584       0x28 ./freertos/src/port.o
                0x00000584                SysTick_Handler
 .text.vPortSuppressTicksAndSleep
                0x000005ac      0x15c ./freertos/src/port.o
                0x000005ac                vPortSuppressTicksAndSleep
 .text.vPortSetupTimerInterrupt
                0x00000708       0x78 ./freertos/src/port.o
                0x00000708                vPortSetupTimerInterrupt
 .text.xQueueGenericReset
                0x00000780       0xa4 ./freertos/src/queue.o
                0x00000780                xQueueGenericReset
 .text.xQueueGenericCreate
                0x00000824       0x78 ./freertos/src/queue.o
                0x00000824                xQueueGenericCreate
 .text.xQueueCreateMutex
                0x0000089c       0x84 ./freertos/src/queue.o
                0x0000089c                xQueueCreateMutex
 .text.xQueueGenericSend
                0x00000920      0x110 ./freertos/src/queue.o
                0x00000920                xQueueGenericSend
 .text.xQueueGenericSendFromISR
                0x00000a30       0x88 ./freertos/src/queue.o
                0x00000a30                xQueueGenericSendFromISR
 .text.xQueueGenericReceive
                0x00000ab8      0x16c ./freertos/src/queue.o
                0x00000ab8                xQueueGenericReceive
 .text.xQueueReceiveFromISR
                0x00000c24       0x84 ./freertos/src/queue.o
                0x00000c24                xQueueReceiveFromISR
 .text.xQueuePeekFromISR
                0x00000ca8       0x4c ./freertos/src/queue.o
                0x00000ca8                xQueuePeekFromISR
 .text.uxQueueMessagesWaiting
                0x00000cf4       0x20 ./freertos/src/queue.o
                0x00000cf4                uxQueueMessagesWaiting
 .text.prvCopyDataToQueue
                0x00000d14       0xd0 ./freertos/src/queue.o
 .text.prvCopyDataFromQueue
                0x00000de4       0x4c ./freertos/src/queue.o
 .text.prvUnlockQueue
                0x00000e30       0x98 ./freertos/src/queue.o
 .text.prvIsQueueEmpty
                0x00000ec8       0x2c ./freertos/src/queue.o
 .text.prvIsQueueFull
                0x00000ef4       0x30 ./freertos/src/queue.o
 .text.xTaskGenericCreate
                0x00000f24      0x140 ./freertos/src/tasks.o
                0x00000f24                xTaskGenericCreate
 .text.vTaskDelete
                0x00001064       0x90 ./freertos/src/tasks.o
                0x00001064                vTaskDelete
 .text.vTaskDelay
                0x000010f4       0x54 ./freertos/src/tasks.o
                0x000010f4                vTaskDelay
 .text.vTaskSuspend
                0x00001148       0x90 ./freertos/src/tasks.o
                0x00001148                vTaskSuspend
 .text.xTaskIsTaskSuspended
                0x000011d8       0x58 ./freertos/src/tasks.o
                0x000011d8                xTaskIsTaskSuspended
 .text.vTaskResume
                0x00001230       0x90 ./freertos/src/tasks.o
                0x00001230                vTaskResume
 .text.vTaskStartScheduler
                0x000012c0       0x58 ./freertos/src/tasks.o
                0x000012c0                vTaskStartScheduler
 .text.vTaskSuspendAll
                0x00001318       0x1c ./freertos/src/tasks.o
                0x00001318                vTaskSuspendAll
 .text.prvGetExpectedIdleTime
                0x00001334       0x4c ./freertos/src/tasks.o
 .text.xTaskResumeAll
                0x00001380       0xfc ./freertos/src/tasks.o
                0x00001380                xTaskResumeAll
 .text.vTaskStepTick
                0x0000147c       0x24 ./freertos/src/tasks.o
                0x0000147c                vTaskStepTick
 .text.xTaskIncrementTick
                0x000014a0      0x18c ./freertos/src/tasks.o
                0x000014a0                xTaskIncrementTick
 .text.vTaskSwitchContext
                0x0000162c       0x98 ./freertos/src/tasks.o
                0x0000162c                vTaskSwitchContext
 .text.vTaskPlaceOnEventList
                0x000016c4       0x60 ./freertos/src/tasks.o
                0x000016c4                vTaskPlaceOnEventList
 .text.xTaskRemoveFromEventList
                0x00001724       0xac ./freertos/src/tasks.o
                0x00001724                xTaskRemoveFromEventList
 .text.vTaskSetTimeOutState
                0x000017d0       0x2c ./freertos/src/tasks.o
                0x000017d0                vTaskSetTimeOutState
 .text.xTaskCheckForTimeOut
                0x000017fc       0x88 ./freertos/src/tasks.o
                0x000017fc                xTaskCheckForTimeOut
 .text.vTaskMissedYield
                0x00001884       0x18 ./freertos/src/tasks.o
                0x00001884                vTaskMissedYield
 .text.prvIdleTask
                0x0000189c       0x48 ./freertos/src/tasks.o
 .text.eTaskConfirmSleepModeStatus
                0x000018e4       0x5c ./freertos/src/tasks.o
                0x000018e4                eTaskConfirmSleepModeStatus
 .text.prvInitialiseTCBVariables
                0x00001940       0x94 ./freertos/src/tasks.o
 .text.prvInitialiseTaskLists
                0x000019d4       0x80 ./freertos/src/tasks.o
 .text.prvCheckTasksWaitingTermination
                0x00001a54       0x78 ./freertos/src/tasks.o
 .text.prvAddCurrentTaskToDelayedList
                0x00001acc       0x6c ./freertos/src/tasks.o
 .text.prvAllocateTCBAndStack
                0x00001b38       0x64 ./freertos/src/tasks.o
 .text.prvDeleteTCB
                0x00001b9c       0x20 ./freertos/src/tasks.o
 .text.xTaskGetCurrentTaskHandle
                0x00001bbc       0x1c ./freertos/src/tasks.o
                0x00001bbc                xTaskGetCurrentTaskHandle
 .text.vTaskPriorityInherit
                0x00001bd8       0xb4 ./freertos/src/tasks.o
                0x00001bd8                vTaskPriorityInherit
 .text.vTaskPriorityDisinherit
                0x00001c8c       0x7c ./freertos/src/tasks.o
                0x00001c8c                vTaskPriorityDisinherit
 .text.DibujarLetra
                0x00001d08      0x184 ./example/src/TFT/Font.o
                0x00001d08                DibujarLetra
 .text.MostrarString
                0x00001e8c       0x30 ./example/src/TFT/Font.o
                0x00001e8c                MostrarString
 .text.Line     0x00001ebc       0xdc ./example/src/TFT/Graphics.o
                0x00001ebc                Line
 .text.CircleFill
                0x00001f98      0x164 ./example/src/TFT/Graphics.o
                0x00001f98                CircleFill
 .text.Lcd_Put_Data
                0x000020fc      0x1d4 ./example/src/TFT/TFT.o
                0x000020fc                Lcd_Put_Data
 .text.Lcd_Write_Com
                0x000022d0       0x3c ./example/src/TFT/TFT.o
                0x000022d0                Lcd_Write_Com
 .text.Lcd_Write_Data
                0x0000230c       0x3c ./example/src/TFT/TFT.o
                0x0000230c                Lcd_Write_Data
 .text.Lcd_Write_Com_Data
                0x00002348       0x10 ./example/src/TFT/TFT.o
                0x00002348                Lcd_Write_Com_Data
 .text.tftSetup
                0x00002358      0x3fc ./example/src/TFT/TFT.o
                0x00002358                tftSetup
 .text.Lcd_SetCursor
                0x00002754       0x1c ./example/src/TFT/TFT.o
                0x00002754                Lcd_SetCursor
 .text.Lcd_SetArea
                0x00002770       0x34 ./example/src/TFT/TFT.o
                0x00002770                Lcd_SetArea
 .text.LCD_PutPixel
                0x000027a4       0x10 ./example/src/TFT/TFT.o
                0x000027a4                LCD_PutPixel
 .text.LCD_Rect
                0x000027b4       0x54 ./example/src/TFT/TFT.o
                0x000027b4                LCD_Rect
 .text.LCD_Clear
                0x00002808       0x1c ./example/src/TFT/TFT.o
                0x00002808                LCD_Clear
 .text.SetupBackground
                0x00002824      0x2f8 ./example/src/TFT/TFT.o
                0x00002824                SetupBackground
 .text.NVIC_DisableIRQ
                0x00002b1c       0x34 ./example/src/Perifericos/SSP.o
 .text.Chip_GPIO_SetPinDIROutput
                0x00002b50       0x38 ./example/src/Perifericos/SSP.o
 .text.Chip_SSP_Enable
                0x00002b88       0x20 ./example/src/Perifericos/SSP.o
 .text.Chip_SSP_GetRawIntStatus
                0x00002ba8       0x28 ./example/src/Perifericos/SSP.o
 .text.Chip_SSP_Int_Enable
                0x00002bd0       0x20 ./example/src/Perifericos/SSP.o
 .text.Chip_SSP_SetFormat
                0x00002bf0       0x30 ./example/src/Perifericos/SSP.o
 .text.Chip_SSP_Set_Mode
                0x00002c20       0x24 ./example/src/Perifericos/SSP.o
 .text.SSP1_IRQHandler
                0x00002c44       0x8c ./example/src/Perifericos/SSP.o
                0x00002c44                SSP1_IRQHandler
 .text.InitSSP1
                0x00002cd0       0xa4 ./example/src/Perifericos/SSP.o
                0x00002cd0                InitSSP1
 .text.NVIC_EnableIRQ
                0x00002d74       0x30 ./example/src/Perifericos/TIMER.o
 .text.NVIC_ClearPendingIRQ
                0x00002da4       0x34 ./example/src/Perifericos/TIMER.o
 .text.Chip_GPIO_SetPinOutHigh
                0x00002dd8       0x2c ./example/src/Perifericos/TIMER.o
 .text.Chip_GPIO_SetPinOutLow
                0x00002e04       0x2c ./example/src/Perifericos/TIMER.o
 .text.Chip_TIMER_MatchPending
                0x00002e30       0x34 ./example/src/Perifericos/TIMER.o
 .text.Chip_TIMER_ClearMatch
                0x00002e64       0x28 ./example/src/Perifericos/TIMER.o
 .text.Chip_TIMER_Enable
                0x00002e8c       0x20 ./example/src/Perifericos/TIMER.o
 .text.Chip_TIMER_PrescaleSet
                0x00002eac       0x1c ./example/src/Perifericos/TIMER.o
 .text.Chip_TIMER_SetMatch
                0x00002ec8       0x28 ./example/src/Perifericos/TIMER.o
 .text.Chip_TIMER_MatchEnableInt
                0x00002ef0       0x34 ./example/src/Perifericos/TIMER.o
 .text.Chip_TIMER_ResetOnMatchEnable
                0x00002f24       0x34 ./example/src/Perifericos/TIMER.o
 .text.Chip_TIMER_ResetOnMatchDisable
                0x00002f58       0x38 ./example/src/Perifericos/TIMER.o
 .text.TIMER0_IRQHandler
                0x00002f90       0xc8 ./example/src/Perifericos/TIMER.o
                0x00002f90                TIMER0_IRQHandler
 .text.TIMER1_IRQHandler
                0x00003058       0x50 ./example/src/Perifericos/TIMER.o
                0x00003058                TIMER1_IRQHandler
 .text.InitTIMER0
                0x000030a8       0x78 ./example/src/Perifericos/TIMER.o
                0x000030a8                InitTIMER0
 .text.InitTIMER1
                0x00003120       0x84 ./example/src/Perifericos/TIMER.o
                0x00003120                InitTIMER1
 .text.GetFontCalibri
                0x000031a4       0x1c ./example/src/Fonts/Calibri10.o
                0x000031a4                GetFontCalibri
 .text.NVIC_EnableIRQ
                0x000031c0       0x30 ./example/src/FatFs/SD_AJS.o
 .text.Chip_GPIO_SetPinOutHigh
                0x000031f0       0x2c ./example/src/FatFs/SD_AJS.o
 .text.Chip_GPIO_SetPinOutLow
                0x0000321c       0x2c ./example/src/FatFs/SD_AJS.o
 .text.putDataSSP
                0x00003248       0x44 ./example/src/FatFs/SD_AJS.o
                0x00003248                putDataSSP
 .text.getDataSSP
                0x0000328c       0x44 ./example/src/FatFs/SD_AJS.o
                0x0000328c                getDataSSP
 .text.SendSDCMD
                0x000032d0       0xb8 ./example/src/FatFs/SD_AJS.o
                0x000032d0                SendSDCMD
 .text.SD_RecvDataBlock
                0x00003388       0x58 ./example/src/FatFs/SD_AJS.o
                0x00003388                SD_RecvDataBlock
 .text.SD_SendDataBlock
                0x000033e0       0x7c ./example/src/FatFs/SD_AJS.o
                0x000033e0                SD_SendDataBlock
 .text.SD_Init  0x0000345c      0x25c ./example/src/FatFs/SD_AJS.o
                0x0000345c                SD_Init
 .text.SD_ReadConfiguration
                0x000036b8      0x274 ./example/src/FatFs/SD_AJS.o
                0x000036b8                SD_ReadConfiguration
 .text.SD_ReadSector
                0x0000392c       0xf8 ./example/src/FatFs/SD_AJS.o
                0x0000392c                SD_ReadSector
 .text.SD_WriteSector
                0x00003a24      0x114 ./example/src/FatFs/SD_AJS.o
                0x00003a24                SD_WriteSector
 .text.SD_IsInitialized
                0x00003b38       0x14 ./example/src/FatFs/SD_AJS.o
                0x00003b38                SD_IsInitialized
 .text.disk_status
                0x00003b4c       0x38 ./example/src/FatFs/diskio.o
                0x00003b4c                disk_status
 .text.disk_initialize
                0x00003b84       0x38 ./example/src/FatFs/diskio.o
                0x00003b84                disk_initialize
 .text.disk_read
                0x00003bbc       0x44 ./example/src/FatFs/diskio.o
                0x00003bbc                disk_read
 .text.disk_write
                0x00003c00       0x40 ./example/src/FatFs/diskio.o
                0x00003c00                disk_write
 .text.disk_ioctl
                0x00003c40      0x16c ./example/src/FatFs/diskio.o
                0x00003c40                disk_ioctl
 .text.ld_word  0x00003dac       0x30 ./example/src/FatFs/ff.o
 .text.ld_dword
                0x00003ddc       0x44 ./example/src/FatFs/ff.o
 .text.st_word  0x00003e20       0x34 ./example/src/FatFs/ff.o
 .text.st_dword
                0x00003e54       0x58 ./example/src/FatFs/ff.o
 .text.mem_cpy  0x00003eac       0x40 ./example/src/FatFs/ff.o
 .text.mem_set  0x00003eec       0x34 ./example/src/FatFs/ff.o
 .text.mem_cmp  0x00003f20       0x4c ./example/src/FatFs/ff.o
 .text.chk_chr  0x00003f6c       0x34 ./example/src/FatFs/ff.o
 .text.sync_window
                0x00003fa0       0x88 ./example/src/FatFs/ff.o
 .text.move_window
                0x00004028       0x5c ./example/src/FatFs/ff.o
 .text.sync_fs  0x00004084       0xdc ./example/src/FatFs/ff.o
 .text.clust2sect
                0x00004160       0x3c ./example/src/FatFs/ff.o
 .text.get_fat  0x0000419c      0x14c ./example/src/FatFs/ff.o
 .text.put_fat  0x000042e8      0x1d4 ./example/src/FatFs/ff.o
 .text.remove_chain
                0x000044bc       0xcc ./example/src/FatFs/ff.o
 .text.create_chain
                0x00004588      0x130 ./example/src/FatFs/ff.o
 .text.dir_sdi  0x000046b8       0xf8 ./example/src/FatFs/ff.o
 .text.dir_next
                0x000047b0      0x18c ./example/src/FatFs/ff.o
 .text.dir_alloc
                0x0000493c       0x90 ./example/src/FatFs/ff.o
 .text.ld_clust
                0x000049cc       0x40 ./example/src/FatFs/ff.o
 .text.st_clust
                0x00004a0c       0x40 ./example/src/FatFs/ff.o
 .text.dir_find
                0x00004a4c       0xac ./example/src/FatFs/ff.o
 .text.dir_register
                0x00004af8       0x64 ./example/src/FatFs/ff.o
 .text.get_fileinfo
                0x00004b5c       0xc0 ./example/src/FatFs/ff.o
 .text.create_name
                0x00004c1c      0x128 ./example/src/FatFs/ff.o
 .text.follow_path
                0x00004d44       0xe4 ./example/src/FatFs/ff.o
 .text.get_ldnumber
                0x00004e28       0x88 ./example/src/FatFs/ff.o
 .text.check_fs
                0x00004eb0       0xac ./example/src/FatFs/ff.o
 .text.find_volume
                0x00004f5c      0x494 ./example/src/FatFs/ff.o
 .text.validate
                0x000053f0       0x68 ./example/src/FatFs/ff.o
 .text.f_mount  0x00005458       0x88 ./example/src/FatFs/ff.o
                0x00005458                f_mount
 .text.f_open   0x000054e0      0x314 ./example/src/FatFs/ff.o
                0x000054e0                f_open
 .text.f_write  0x000057f4      0x2d4 ./example/src/FatFs/ff.o
                0x000057f4                f_write
 .text.f_sync   0x00005ac8      0x100 ./example/src/FatFs/ff.o
                0x00005ac8                f_sync
 .text.f_close  0x00005bc8       0x40 ./example/src/FatFs/ff.o
                0x00005bc8                f_close
 .text.f_stat   0x00005c08       0x74 ./example/src/FatFs/ff.o
                0x00005c08                f_stat
 .text.putc_bfd
                0x00005c7c       0x6c ./example/src/FatFs/ff.o
 .text.putc_flush
                0x00005ce8       0x4c ./example/src/FatFs/ff.o
 .text.putc_init
                0x00005d34       0x28 ./example/src/FatFs/ff.o
 .text.f_puts   0x00005d5c       0x48 ./example/src/FatFs/ff.o
                0x00005d5c                f_puts
 .text.prvGetRegistersFromStack
                0x00005da4       0x3c ./example/src/cr_startup_lpc175x_6x.o
                0x00005da4                prvGetRegistersFromStack
 .text.HardFault_Handler
                0x00005de0       0x1c ./example/src/cr_startup_lpc175x_6x.o
                0x00005de0                HardFault_Handler
 .text.NVIC_EnableIRQ
                0x00005dfc       0x30 ./example/src/freertos_blinky.o
 .text.NVIC_ClearPendingIRQ
                0x00005e2c       0x34 ./example/src/freertos_blinky.o
 .text.Chip_IOCON_Init
                0x00005e60       0x18 ./example/src/freertos_blinky.o
 .text.Chip_GPIO_Init
                0x00005e78       0x18 ./example/src/freertos_blinky.o
 .text.Chip_GPIO_SetPinState
                0x00005e90       0x68 ./example/src/freertos_blinky.o
 .text.Chip_GPIO_GetPinState
                0x00005ef8       0x38 ./example/src/freertos_blinky.o
 .text.Chip_GPIO_SetPinDIROutput
                0x00005f30       0x38 ./example/src/freertos_blinky.o
 .text.Chip_GPIO_SetPinDIRInput
                0x00005f68       0x3c ./example/src/freertos_blinky.o
 .text.Chip_GPIO_SetPinToggle
                0x00005fa4       0x4c ./example/src/freertos_blinky.o
 .text.Chip_GPIOINT_SetIntFalling
                0x00005ff0       0x2c ./example/src/freertos_blinky.o
 .text.Chip_GPIOINT_GetStatusFalling
                0x0000601c       0x28 ./example/src/freertos_blinky.o
 .text.Chip_GPIOINT_ClearIntStatus
                0x00006044       0x2c ./example/src/freertos_blinky.o
 .text.Chip_TIMER_SetMatch
                0x00006070       0x28 ./example/src/freertos_blinky.o
 .text.EINT3_IRQHandler
                0x00006098       0xc8 ./example/src/freertos_blinky.o
                0x00006098                EINT3_IRQHandler
 .text.ADC_IRQHandler
                0x00006160      0x15c ./example/src/freertos_blinky.o
                0x00006160                ADC_IRQHandler
 .text.USB_IRQHandler
                0x000062bc       0x20 ./example/src/freertos_blinky.o
                0x000062bc                USB_IRQHandler
 .text.usb_pin_clk_init
                0x000062dc       0x50 ./example/src/freertos_blinky.o
 .text.prvSetupHardware
                0x0000632c      0x20c ./example/src/freertos_blinky.o
 .text.TFTInitAndSetup
                0x00006538       0x24 ./example/src/freertos_blinky.o
 .text.SignalUpdateCH1
                0x0000655c      0x1dc ./example/src/freertos_blinky.o
 .text.SignalUpdateCH2
                0x00006738      0x1dc ./example/src/freertos_blinky.o
 .text.SignalUpdateCH3
                0x00006914      0x1dc ./example/src/freertos_blinky.o
 .text.SDWrite  0x00006af0      0x39c ./example/src/freertos_blinky.o
 .text.ModeChange
                0x00006e8c      0x2fc ./example/src/freertos_blinky.o
 .text.DimmerTask
                0x00007188      0x2e8 ./example/src/freertos_blinky.o
 .text.DisparoTask
                0x00007470      0x3c4 ./example/src/freertos_blinky.o
 .text.main     0x00007834      0x3d8 ./example/src/freertos_blinky.o
                0x00007834                main
 .text.NVIC_ClearPendingIRQ
                0x00007c0c       0x34 ./example/src/hid_generic.o
 .text.Chip_GPIOINT_SetIntFalling
                0x00007c40       0x2c ./example/src/hid_generic.o
 .text.Chip_GPIOINT_ClearIntStatus
                0x00007c6c       0x2c ./example/src/hid_generic.o
 .text.HID_GetReport
                0x00007c98       0x50 ./example/src/hid_generic.o
 .text.HID_SetReport
                0x00007ce8       0x74 ./example/src/hid_generic.o
 .text.HID_Ep_Hdlr
                0x00007d5c      0x1c0 ./example/src/hid_generic.o
 .text.usb_hid_init
                0x00007f1c       0xc8 ./example/src/hid_generic.o
                0x00007f1c                usb_hid_init
 .text.ADC_SetEP
                0x00007fe4      0x108 ./example/src/hid_generic.o
                0x00007fe4                ADC_SetEP
 .text.SystemInit
                0x000080ec       0x24 ./example/src/sysinit.o
                0x000080ec                SystemInit
 .text.EPAdr    0x00008110       0x10 C:\Users\Matata\Dropbox\Tecnicas Digitales 2\Proyecto\Codigo\Micro\Proyecto\lpc_chip_175x_6x\libs\libusbd_175x_6x_lib.a(hw_usbd_ip3503.o)
                0x00008110                EPAdr
 .text.hwWrCmd  0x00008120       0x10 C:\Users\Matata\Dropbox\Tecnicas Digitales 2\Proyecto\Codigo\Micro\Proyecto\lpc_chip_175x_6x\libs\libusbd_175x_6x_lib.a(hw_usbd_ip3503.o)
                0x00008120                hwWrCmd
 .text.hwWrCmdDat
                0x00008130       0x16 C:\Users\Matata\Dropbox\Tecnicas Digitales 2\Proyecto\Codigo\Micro\Proyecto\lpc_chip_175x_6x\libs\libusbd_175x_6x_lib.a(hw_usbd_ip3503.o)
                0x00008130                hwWrCmdDat
 .text.hwWrCmdEP
                0x00008146       0x24 C:\Users\Matata\Dropbox\Tecnicas Digitales 2\Proyecto\Codigo\Micro\Proyecto\lpc_chip_175x_6x\libs\libusbd_175x_6x_lib.a(hw_usbd_ip3503.o)
                0x00008146                hwWrCmdEP
 .text.hwRdCmdDat
                0x0000816a       0x12 C:\Users\Matata\Dropbox\Tecnicas Digitales 2\Proyecto\Codigo\Micro\Proyecto\lpc_chip_175x_6x\libs\libusbd_175x_6x_lib.a(hw_usbd_ip3503.o)
                0x0000816a                hwRdCmdDat
 .text.hwUSB_GetMemSize
                0x0000817c        0x6 C:\Users\Matata\Dropbox\Tecnicas Digitales 2\Proyecto\Codigo\Micro\Proyecto\lpc_chip_175x_6x\libs\libusbd_175x_6x_lib.a(hw_usbd_ip3503.o)
                0x0000817c                hwUSB_GetMemSize
 *fill*         0x00008182        0x2 ff
 .text.hwUSB_Connect
                0x00008184       0x1c C:\Users\Matata\Dropbox\Tecnicas Digitales 2\Proyecto\Codigo\Micro\Proyecto\lpc_chip_175x_6x\libs\libusbd_175x_6x_lib.a(hw_usbd_ip3503.o)
                0x00008184                hwUSB_Connect
 .text.hwUSB_Reset
                0x000081a0       0x30 C:\Users\Matata\Dropbox\Tecnicas Digitales 2\Proyecto\Codigo\Micro\Proyecto\lpc_chip_175x_6x\libs\libusbd_175x_6x_lib.a(hw_usbd_ip3503.o)
                0x000081a0                hwUSB_Reset
 .text.hwUSB_WakeUp
                0x000081d0       0x20 C:\Users\Matata\Dropbox\Tecnicas Digitales 2\Proyecto\Codigo\Micro\Proyecto\lpc_chip_175x_6x\libs\libusbd_175x_6x_lib.a(hw_usbd_ip3503.o)
                0x000081d0                hwUSB_WakeUp
 .text.hwUSB_WakeUpCfg
                0x000081f0        0x2 C:\Users\Matata\Dropbox\Tecnicas Digitales 2\Proyecto\Codigo\Micro\Proyecto\lpc_chip_175x_6x\libs\libusbd_175x_6x_lib.a(hw_usbd_ip3503.o)
                0x000081f0                hwUSB_WakeUpCfg
 *fill*         0x000081f2        0x2 ff
 .text.hwUSB_SetAddress
                0x000081f4       0x30 C:\Users\Matata\Dropbox\Tecnicas Digitales 2\Proyecto\Codigo\Micro\Proyecto\lpc_chip_175x_6x\libs\libusbd_175x_6x_lib.a(hw_usbd_ip3503.o)
                0x000081f4                hwUSB_SetAddress
 .text.hwUSB_Init
                0x00008224       0x84 C:\Users\Matata\Dropbox\Tecnicas Digitales 2\Proyecto\Codigo\Micro\Proyecto\lpc_chip_175x_6x\libs\libusbd_175x_6x_lib.a(hw_usbd_ip3503.o)
                0x00008224                hwUSB_Init
 .text.hwUSB_Configure
                0x000082a8       0x34 C:\Users\Matata\Dropbox\Tecnicas Digitales 2\Proyecto\Codigo\Micro\Proyecto\lpc_chip_175x_6x\libs\libusbd_175x_6x_lib.a(hw_usbd_ip3503.o)
                0x000082a8                hwUSB_Configure
 .text.hwUSB_ConfigEP
                0x000082dc       0x32 C:\Users\Matata\Dropbox\Tecnicas Digitales 2\Proyecto\Codigo\Micro\Proyecto\lpc_chip_175x_6x\libs\libusbd_175x_6x_lib.a(hw_usbd_ip3503.o)
                0x000082dc                hwUSB_ConfigEP
 .text.hwUSB_DirCtrlEP
                0x0000830e        0x2 C:\Users\Matata\Dropbox\Tecnicas Digitales 2\Proyecto\Codigo\Micro\Proyecto\lpc_chip_175x_6x\libs\libusbd_175x_6x_lib.a(hw_usbd_ip3503.o)
                0x0000830e                hwUSB_DirCtrlEP
 .text.hwUSB_EnableEP
                0x00008310       0x24 C:\Users\Matata\Dropbox\Tecnicas Digitales 2\Proyecto\Codigo\Micro\Proyecto\lpc_chip_175x_6x\libs\libusbd_175x_6x_lib.a(hw_usbd_ip3503.o)
                0x00008310                hwUSB_EnableEP
 .text.hwUSB_DisableEP
                0x00008334       0x28 C:\Users\Matata\Dropbox\Tecnicas Digitales 2\Proyecto\Codigo\Micro\Proyecto\lpc_chip_175x_6x\libs\libusbd_175x_6x_lib.a(hw_usbd_ip3503.o)
                0x00008334                hwUSB_DisableEP
 .text.hwUSB_ResetEP
                0x0000835c       0x24 C:\Users\Matata\Dropbox\Tecnicas Digitales 2\Proyecto\Codigo\Micro\Proyecto\lpc_chip_175x_6x\libs\libusbd_175x_6x_lib.a(hw_usbd_ip3503.o)
                0x0000835c                hwUSB_ResetEP
 .text.hwUSB_SetStallEP
                0x00008380       0x28 C:\Users\Matata\Dropbox\Tecnicas Digitales 2\Proyecto\Codigo\Micro\Proyecto\lpc_chip_175x_6x\libs\libusbd_175x_6x_lib.a(hw_usbd_ip3503.o)
                0x00008380                hwUSB_SetStallEP
 .text.hwUSB_ClrStallEP
                0x000083a8       0x24 C:\Users\Matata\Dropbox\Tecnicas Digitales 2\Proyecto\Codigo\Micro\Proyecto\lpc_chip_175x_6x\libs\libusbd_175x_6x_lib.a(hw_usbd_ip3503.o)
                0x000083a8                hwUSB_ClrStallEP
 .text.hwUSB_EnableEvent
                0x000083cc       0xd8 C:\Users\Matata\Dropbox\Tecnicas Digitales 2\Proyecto\Codigo\Micro\Proyecto\lpc_chip_175x_6x\libs\libusbd_175x_6x_lib.a(hw_usbd_ip3503.o)
                0x000083cc                hwUSB_EnableEvent
 .text.hwUSB_ReadEP
                0x000084a4       0x80 C:\Users\Matata\Dropbox\Tecnicas Digitales 2\Proyecto\Codigo\Micro\Proyecto\lpc_chip_175x_6x\libs\libusbd_175x_6x_lib.a(hw_usbd_ip3503.o)
                0x000084a4                hwUSB_ReadEP
 .text.hwUSB_ForceFullSpeed
                0x00008524        0x2 C:\Users\Matata\Dropbox\Tecnicas Digitales 2\Proyecto\Codigo\Micro\Proyecto\lpc_chip_175x_6x\libs\libusbd_175x_6x_lib.a(hw_usbd_ip3503.o)
                0x00008524                hwUSB_ForceFullSpeed
 .text.hwUSB_SetTestMode
                0x00008526        0x4 C:\Users\Matata\Dropbox\Tecnicas Digitales 2\Proyecto\Codigo\Micro\Proyecto\lpc_chip_175x_6x\libs\libusbd_175x_6x_lib.a(hw_usbd_ip3503.o)
                0x00008526                hwUSB_SetTestMode
 .text.hwUSB_ReadReqEP
                0x0000852a        0x4 C:\Users\Matata\Dropbox\Tecnicas Digitales 2\Proyecto\Codigo\Micro\Proyecto\lpc_chip_175x_6x\libs\libusbd_175x_6x_lib.a(hw_usbd_ip3503.o)
                0x0000852a                hwUSB_ReadReqEP
 .text.hwUSB_ReadSetupPkt
                0x0000852e        0x4 C:\Users\Matata\Dropbox\Tecnicas Digitales 2\Proyecto\Codigo\Micro\Proyecto\lpc_chip_175x_6x\libs\libusbd_175x_6x_lib.a(hw_usbd_ip3503.o)
                0x0000852e                hwUSB_ReadSetupPkt
 *fill*         0x00008532        0x2 ff
 .text.hwUSB_WriteEP
                0x00008534       0x44 C:\Users\Matata\Dropbox\Tecnicas Digitales 2\Proyecto\Codigo\Micro\Proyecto\lpc_chip_175x_6x\libs\libusbd_175x_6x_lib.a(hw_usbd_ip3503.o)
                0x00008534                hwUSB_WriteEP
 .text.hwUSB_ISR
                0x00008578      0x1a0 C:\Users\Matata\Dropbox\Tecnicas Digitales 2\Proyecto\Codigo\Micro\Proyecto\lpc_chip_175x_6x\libs\libusbd_175x_6x_lib.a(hw_usbd_ip3503.o)
                0x00008578                hwUSB_ISR
 .text.USB_ReqGetConfiguration
                0x00008718       0x20 C:\Users\Matata\Dropbox\Tecnicas Digitales 2\Proyecto\Codigo\Micro\Proyecto\lpc_chip_175x_6x\libs\libusbd_175x_6x_lib.a(mw_usbd_core.o)
                0x00008718                USB_ReqGetConfiguration
 .text.USBD_virt_to_phys
                0x00008738        0x2 C:\Users\Matata\Dropbox\Tecnicas Digitales 2\Proyecto\Codigo\Micro\Proyecto\lpc_chip_175x_6x\libs\libusbd_175x_6x_lib.a(mw_usbd_core.o)
                0x00008738                USBD_virt_to_phys
 .text.USBD_cache_flush
                0x0000873a        0x2 C:\Users\Matata\Dropbox\Tecnicas Digitales 2\Proyecto\Codigo\Micro\Proyecto\lpc_chip_175x_6x\libs\libusbd_175x_6x_lib.a(mw_usbd_core.o)
                0x0000873a                USBD_cache_flush
 .text.USB_ReqGetStatus
                0x0000873c       0x8c C:\Users\Matata\Dropbox\Tecnicas Digitales 2\Proyecto\Codigo\Micro\Proyecto\lpc_chip_175x_6x\libs\libusbd_175x_6x_lib.a(mw_usbd_core.o)
                0x0000873c                USB_ReqGetStatus
 .text.USB_ReqGetDescriptor
                0x000087c8       0x84 C:\Users\Matata\Dropbox\Tecnicas Digitales 2\Proyecto\Codigo\Micro\Proyecto\lpc_chip_175x_6x\libs\libusbd_175x_6x_lib.a(mw_usbd_core.o)
                0x000087c8                USB_ReqGetDescriptor
 .text.USB_ReqGetInterface
                0x0000884c       0x34 C:\Users\Matata\Dropbox\Tecnicas Digitales 2\Proyecto\Codigo\Micro\Proyecto\lpc_chip_175x_6x\libs\libusbd_175x_6x_lib.a(mw_usbd_core.o)
                0x0000884c                USB_ReqGetInterface
 .text.USB_ReqSetClrFeature
                0x00008880       0xb4 C:\Users\Matata\Dropbox\Tecnicas Digitales 2\Proyecto\Codigo\Micro\Proyecto\lpc_chip_175x_6x\libs\libusbd_175x_6x_lib.a(mw_usbd_core.o)
                0x00008880                USB_ReqSetClrFeature
 .text.USB_ReqSetConfiguration
                0x00008934      0x194 C:\Users\Matata\Dropbox\Tecnicas Digitales 2\Proyecto\Codigo\Micro\Proyecto\lpc_chip_175x_6x\libs\libusbd_175x_6x_lib.a(mw_usbd_core.o)
                0x00008934                USB_ReqSetConfiguration
 .text.USB_ReqSetInterface
                0x00008ac8      0x144 C:\Users\Matata\Dropbox\Tecnicas Digitales 2\Proyecto\Codigo\Micro\Proyecto\lpc_chip_175x_6x\libs\libusbd_175x_6x_lib.a(mw_usbd_core.o)
                0x00008ac8                USB_ReqSetInterface
 .text.mwUSB_SetupStage
                0x00008c0c        0xa C:\Users\Matata\Dropbox\Tecnicas Digitales 2\Proyecto\Codigo\Micro\Proyecto\lpc_chip_175x_6x\libs\libusbd_175x_6x_lib.a(mw_usbd_core.o)
                0x00008c0c                mwUSB_SetupStage
 .text.mwUSB_DataInStage
                0x00008c16       0x2e C:\Users\Matata\Dropbox\Tecnicas Digitales 2\Proyecto\Codigo\Micro\Proyecto\lpc_chip_175x_6x\libs\libusbd_175x_6x_lib.a(mw_usbd_core.o)
                0x00008c16                mwUSB_DataInStage
 .text.mwUSB_DataOutStage
                0x00008c44       0x24 C:\Users\Matata\Dropbox\Tecnicas Digitales 2\Proyecto\Codigo\Micro\Proyecto\lpc_chip_175x_6x\libs\libusbd_175x_6x_lib.a(mw_usbd_core.o)
                0x00008c44                mwUSB_DataOutStage
 .text.mwUSB_StatusInStage
                0x00008c68        0xa C:\Users\Matata\Dropbox\Tecnicas Digitales 2\Proyecto\Codigo\Micro\Proyecto\lpc_chip_175x_6x\libs\libusbd_175x_6x_lib.a(mw_usbd_core.o)
                0x00008c68                mwUSB_StatusInStage
 .text.mwUSB_StatusOutStage
                0x00008c72        0xa C:\Users\Matata\Dropbox\Tecnicas Digitales 2\Proyecto\Codigo\Micro\Proyecto\lpc_chip_175x_6x\libs\libusbd_175x_6x_lib.a(mw_usbd_core.o)
                0x00008c72                mwUSB_StatusOutStage
 .text.mwUSB_StallEp0
                0x00008c7c       0x12 C:\Users\Matata\Dropbox\Tecnicas Digitales 2\Proyecto\Codigo\Micro\Proyecto\lpc_chip_175x_6x\libs\libusbd_175x_6x_lib.a(mw_usbd_core.o)
                0x00008c7c                mwUSB_StallEp0
 *fill*         0x00008c8e        0x2 ff
 .text.USB_ReqSetAddress
                0x00008c90       0x24 C:\Users\Matata\Dropbox\Tecnicas Digitales 2\Proyecto\Codigo\Micro\Proyecto\lpc_chip_175x_6x\libs\libusbd_175x_6x_lib.a(mw_usbd_core.o)
                0x00008c90                USB_ReqSetAddress
 .text.USB_InvokeEp0Hdlrs
                0x00008cb4       0x44 C:\Users\Matata\Dropbox\Tecnicas Digitales 2\Proyecto\Codigo\Micro\Proyecto\lpc_chip_175x_6x\libs\libusbd_175x_6x_lib.a(mw_usbd_core.o)
                0x00008cb4                USB_InvokeEp0Hdlrs
 .text.mwUSB_ResetCore
                0x00008cf8       0x26 C:\Users\Matata\Dropbox\Tecnicas Digitales 2\Proyecto\Codigo\Micro\Proyecto\lpc_chip_175x_6x\libs\libusbd_175x_6x_lib.a(mw_usbd_core.o)
                0x00008cf8                mwUSB_ResetCore
 *fill*         0x00008d1e        0x2 ff
 .text.USB_EvtSetupHandler
                0x00008d20      0x108 C:\Users\Matata\Dropbox\Tecnicas Digitales 2\Proyecto\Codigo\Micro\Proyecto\lpc_chip_175x_6x\libs\libusbd_175x_6x_lib.a(mw_usbd_core.o)
                0x00008d20                USB_EvtSetupHandler
 .text.USB_EvtOutHandler
                0x00008e28       0x68 C:\Users\Matata\Dropbox\Tecnicas Digitales 2\Proyecto\Codigo\Micro\Proyecto\lpc_chip_175x_6x\libs\libusbd_175x_6x_lib.a(mw_usbd_core.o)
                0x00008e28                USB_EvtOutHandler
 .text.USB_EndPoint0
                0x00008e90       0x94 C:\Users\Matata\Dropbox\Tecnicas Digitales 2\Proyecto\Codigo\Micro\Proyecto\lpc_chip_175x_6x\libs\libusbd_175x_6x_lib.a(mw_usbd_core.o)
                0x00008e90                USB_EndPoint0
 .text.mwUSB_InitCore
                0x00008f24       0xdc C:\Users\Matata\Dropbox\Tecnicas Digitales 2\Proyecto\Codigo\Micro\Proyecto\lpc_chip_175x_6x\libs\libusbd_175x_6x_lib.a(mw_usbd_core.o)
                0x00008f24                mwUSB_InitCore
 .text.mwUSB_RegisterClassHandler
                0x00009000       0x28 C:\Users\Matata\Dropbox\Tecnicas Digitales 2\Proyecto\Codigo\Micro\Proyecto\lpc_chip_175x_6x\libs\libusbd_175x_6x_lib.a(mw_usbd_core.o)
                0x00009000                mwUSB_RegisterClassHandler
 .text.mwUSB_RegisterEpHandler
                0x00009028       0x24 C:\Users\Matata\Dropbox\Tecnicas Digitales 2\Proyecto\Codigo\Micro\Proyecto\lpc_chip_175x_6x\libs\libusbd_175x_6x_lib.a(mw_usbd_core.o)
                0x00009028                mwUSB_RegisterEpHandler
 .text.mwHID_GetReportDesc
                0x0000904c       0x1c C:\Users\Matata\Dropbox\Tecnicas Digitales 2\Proyecto\Codigo\Micro\Proyecto\lpc_chip_175x_6x\libs\libusbd_175x_6x_lib.a(mw_usbd_hiduser.o)
                0x0000904c                mwHID_GetReportDesc
 .text.mwHID_GetIdle
                0x00009068       0x16 C:\Users\Matata\Dropbox\Tecnicas Digitales 2\Proyecto\Codigo\Micro\Proyecto\lpc_chip_175x_6x\libs\libusbd_175x_6x_lib.a(mw_usbd_hiduser.o)
                0x00009068                mwHID_GetIdle
 .text.mwHID_SetIdle
                0x0000907e       0x24 C:\Users\Matata\Dropbox\Tecnicas Digitales 2\Proyecto\Codigo\Micro\Proyecto\lpc_chip_175x_6x\libs\libusbd_175x_6x_lib.a(mw_usbd_hiduser.o)
                0x0000907e                mwHID_SetIdle
 .text.mwHID_SetProtocol
                0x000090a2       0x1a C:\Users\Matata\Dropbox\Tecnicas Digitales 2\Proyecto\Codigo\Micro\Proyecto\lpc_chip_175x_6x\libs\libusbd_175x_6x_lib.a(mw_usbd_hiduser.o)
                0x000090a2                mwHID_SetProtocol
 .text.mwHID_ep0_hdlr
                0x000090bc      0x188 C:\Users\Matata\Dropbox\Tecnicas Digitales 2\Proyecto\Codigo\Micro\Proyecto\lpc_chip_175x_6x\libs\libusbd_175x_6x_lib.a(mw_usbd_hiduser.o)
                0x000090bc                mwHID_ep0_hdlr
 .text.mwHID_GetMemSize
                0x00009244        0x8 C:\Users\Matata\Dropbox\Tecnicas Digitales 2\Proyecto\Codigo\Micro\Proyecto\lpc_chip_175x_6x\libs\libusbd_175x_6x_lib.a(mw_usbd_hiduser.o)
                0x00009244                mwHID_GetMemSize
 .text.mwHID_init
                0x0000924c      0x174 C:\Users\Matata\Dropbox\Tecnicas Digitales 2\Proyecto\Codigo\Micro\Proyecto\lpc_chip_175x_6x\libs\libusbd_175x_6x_lib.a(mw_usbd_hiduser.o)
                0x0000924c                mwHID_init
 .text.Chip_UART_SendByte
                0x000093c0       0x1c C:\Users\Matata\Dropbox\Tecnicas Digitales 2\Proyecto\Codigo\Micro\Proyecto\lpc_board_nxp_lpcxpresso_1769\Debug\liblpc_board_nxp_lpcxpresso_1769.a(board.o)
 .text.Chip_UART_ReadLineStatus
                0x000093dc       0x18 C:\Users\Matata\Dropbox\Tecnicas Digitales 2\Proyecto\Codigo\Micro\Proyecto\lpc_board_nxp_lpcxpresso_1769\Debug\liblpc_board_nxp_lpcxpresso_1769.a(board.o)
 .text.__sys_write
                0x000093f4       0x38 C:\Users\Matata\Dropbox\Tecnicas Digitales 2\Proyecto\Codigo\Micro\Proyecto\lpc_board_nxp_lpcxpresso_1769\Debug\liblpc_board_nxp_lpcxpresso_1769.a(board.o)
                0x000093f4                __sys_write
 .text.Board_UARTPutChar
                0x0000942c       0x34 C:\Users\Matata\Dropbox\Tecnicas Digitales 2\Proyecto\Codigo\Micro\Proyecto\lpc_board_nxp_lpcxpresso_1769\Debug\liblpc_board_nxp_lpcxpresso_1769.a(board.o)
                0x0000942c                Board_UARTPutChar
 .text.getFullConvClk
                0x00009460       0x10 C:\Users\Matata\Dropbox\Tecnicas Digitales 2\Proyecto\Codigo\Micro\Proyecto\lpc_chip_175x_6x\Debug\liblpc_chip_175x_6x.a(adc_17xx_40xx.o)
 .text.getClkDiv
                0x00009470       0x4c C:\Users\Matata\Dropbox\Tecnicas Digitales 2\Proyecto\Codigo\Micro\Proyecto\lpc_chip_175x_6x\Debug\liblpc_chip_175x_6x.a(adc_17xx_40xx.o)
 .text.setStartMode
                0x000094bc       0x2c C:\Users\Matata\Dropbox\Tecnicas Digitales 2\Proyecto\Codigo\Micro\Proyecto\lpc_chip_175x_6x\Debug\liblpc_chip_175x_6x.a(adc_17xx_40xx.o)
                0x000094bc                setStartMode
 .text.readAdcVal
                0x000094e8       0x40 C:\Users\Matata\Dropbox\Tecnicas Digitales 2\Proyecto\Codigo\Micro\Proyecto\lpc_chip_175x_6x\Debug\liblpc_chip_175x_6x.a(adc_17xx_40xx.o)
                0x000094e8                readAdcVal
 .text.Chip_ADC_Init
                0x00009528       0x74 C:\Users\Matata\Dropbox\Tecnicas Digitales 2\Proyecto\Codigo\Micro\Proyecto\lpc_chip_175x_6x\Debug\liblpc_chip_175x_6x.a(adc_17xx_40xx.o)
                0x00009528                Chip_ADC_Init
 .text.Chip_ADC_ReadValue
                0x0000959c       0x24 C:\Users\Matata\Dropbox\Tecnicas Digitales 2\Proyecto\Codigo\Micro\Proyecto\lpc_chip_175x_6x\Debug\liblpc_chip_175x_6x.a(adc_17xx_40xx.o)
                0x0000959c                Chip_ADC_ReadValue
 .text.Chip_ADC_Int_SetChannelCmd
                0x000095c0       0x48 C:\Users\Matata\Dropbox\Tecnicas Digitales 2\Proyecto\Codigo\Micro\Proyecto\lpc_chip_175x_6x\Debug\liblpc_chip_175x_6x.a(adc_17xx_40xx.o)
                0x000095c0                Chip_ADC_Int_SetChannelCmd
 .text.Chip_ADC_SetStartMode
                0x00009608       0x50 C:\Users\Matata\Dropbox\Tecnicas Digitales 2\Proyecto\Codigo\Micro\Proyecto\lpc_chip_175x_6x\Debug\liblpc_chip_175x_6x.a(adc_17xx_40xx.o)
                0x00009608                Chip_ADC_SetStartMode
 .text.Chip_ADC_SetSampleRate
                0x00009658       0x50 C:\Users\Matata\Dropbox\Tecnicas Digitales 2\Proyecto\Codigo\Micro\Proyecto\lpc_chip_175x_6x\Debug\liblpc_chip_175x_6x.a(adc_17xx_40xx.o)
                0x00009658                Chip_ADC_SetSampleRate
 .text.Chip_ADC_EnableChannel
                0x000096a8       0x54 C:\Users\Matata\Dropbox\Tecnicas Digitales 2\Proyecto\Codigo\Micro\Proyecto\lpc_chip_175x_6x\Debug\liblpc_chip_175x_6x.a(adc_17xx_40xx.o)
                0x000096a8                Chip_ADC_EnableChannel
 .text.Chip_ADC_SetBurstCmd
                0x000096fc       0x3c C:\Users\Matata\Dropbox\Tecnicas Digitales 2\Proyecto\Codigo\Micro\Proyecto\lpc_chip_175x_6x\Debug\liblpc_chip_175x_6x.a(adc_17xx_40xx.o)
                0x000096fc                Chip_ADC_SetBurstCmd
 .text.Chip_Clock_IsUSBPLLLocked
                0x00009738       0x24 C:\Users\Matata\Dropbox\Tecnicas Digitales 2\Proyecto\Codigo\Micro\Proyecto\lpc_chip_175x_6x\Debug\liblpc_chip_175x_6x.a(chip_17xx_40xx.o)
 .text.Chip_Clock_IsUSBPLLConnected
                0x0000975c       0x24 C:\Users\Matata\Dropbox\Tecnicas Digitales 2\Proyecto\Codigo\Micro\Proyecto\lpc_chip_175x_6x\Debug\liblpc_chip_175x_6x.a(chip_17xx_40xx.o)
 .text.SystemCoreClockUpdate
                0x00009780       0x18 C:\Users\Matata\Dropbox\Tecnicas Digitales 2\Proyecto\Codigo\Micro\Proyecto\lpc_chip_175x_6x\Debug\liblpc_chip_175x_6x.a(chip_17xx_40xx.o)
                0x00009780                SystemCoreClockUpdate
 .text.Chip_USB_Init
                0x00009798       0x4c C:\Users\Matata\Dropbox\Tecnicas Digitales 2\Proyecto\Codigo\Micro\Proyecto\lpc_chip_175x_6x\Debug\liblpc_chip_175x_6x.a(chip_17xx_40xx.o)
                0x00009798                Chip_USB_Init
 .text.Chip_Clock_IsMainPLLEnabled
                0x000097e4       0x24 C:\Users\Matata\Dropbox\Tecnicas Digitales 2\Proyecto\Codigo\Micro\Proyecto\lpc_chip_175x_6x\Debug\liblpc_chip_175x_6x.a(clock_17xx_40xx.o)
 .text.Chip_Clock_IsMainPLLConnected
                0x00009808       0x24 C:\Users\Matata\Dropbox\Tecnicas Digitales 2\Proyecto\Codigo\Micro\Proyecto\lpc_chip_175x_6x\Debug\liblpc_chip_175x_6x.a(clock_17xx_40xx.o)
 .text.Chip_Clock_FeedPLL
                0x0000982c       0x34 C:\Users\Matata\Dropbox\Tecnicas Digitales 2\Proyecto\Codigo\Micro\Proyecto\lpc_chip_175x_6x\Debug\liblpc_chip_175x_6x.a(clock_17xx_40xx.o)
 .text.Chip_Clock_GetMainPLLSource
                0x00009860       0x20 C:\Users\Matata\Dropbox\Tecnicas Digitales 2\Proyecto\Codigo\Micro\Proyecto\lpc_chip_175x_6x\Debug\liblpc_chip_175x_6x.a(clock_17xx_40xx.o)
 .text.Chip_Clock_GetMainOscRate
                0x00009880       0x14 C:\Users\Matata\Dropbox\Tecnicas Digitales 2\Proyecto\Codigo\Micro\Proyecto\lpc_chip_175x_6x\Debug\liblpc_chip_175x_6x.a(clock_17xx_40xx.o)
 .text.Chip_Clock_GetIntOscRate
                0x00009894       0x14 C:\Users\Matata\Dropbox\Tecnicas Digitales 2\Proyecto\Codigo\Micro\Proyecto\lpc_chip_175x_6x\Debug\liblpc_chip_175x_6x.a(clock_17xx_40xx.o)
 .text.Chip_Clock_GetRTCOscRate
                0x000098a8       0x14 C:\Users\Matata\Dropbox\Tecnicas Digitales 2\Proyecto\Codigo\Micro\Proyecto\lpc_chip_175x_6x\Debug\liblpc_chip_175x_6x.a(clock_17xx_40xx.o)
 .text.Chip_Clock_GetMainPLLInClockRate
                0x000098bc       0x10 C:\Users\Matata\Dropbox\Tecnicas Digitales 2\Proyecto\Codigo\Micro\Proyecto\lpc_chip_175x_6x\Debug\liblpc_chip_175x_6x.a(clock_17xx_40xx.o)
 .text.Chip_Clock_EnablePLL
                0x000098cc       0x44 C:\Users\Matata\Dropbox\Tecnicas Digitales 2\Proyecto\Codigo\Micro\Proyecto\lpc_chip_175x_6x\Debug\liblpc_chip_175x_6x.a(clock_17xx_40xx.o)
                0x000098cc                Chip_Clock_EnablePLL
 .text.Chip_Clock_DisablePLL
                0x00009910       0x48 C:\Users\Matata\Dropbox\Tecnicas Digitales 2\Proyecto\Codigo\Micro\Proyecto\lpc_chip_175x_6x\Debug\liblpc_chip_175x_6x.a(clock_17xx_40xx.o)
                0x00009910                Chip_Clock_DisablePLL
 .text.Chip_Clock_SetupPLL
                0x00009958       0x5c C:\Users\Matata\Dropbox\Tecnicas Digitales 2\Proyecto\Codigo\Micro\Proyecto\lpc_chip_175x_6x\Debug\liblpc_chip_175x_6x.a(clock_17xx_40xx.o)
                0x00009958                Chip_Clock_SetupPLL
 .text.Chip_Clock_EnablePeriphClock
                0x000099b4       0x34 C:\Users\Matata\Dropbox\Tecnicas Digitales 2\Proyecto\Codigo\Micro\Proyecto\lpc_chip_175x_6x\Debug\liblpc_chip_175x_6x.a(clock_17xx_40xx.o)
                0x000099b4                Chip_Clock_EnablePeriphClock
 .text.Chip_Clock_GetCPUClockSource
                0x000099e8       0x24 C:\Users\Matata\Dropbox\Tecnicas Digitales 2\Proyecto\Codigo\Micro\Proyecto\lpc_chip_175x_6x\Debug\liblpc_chip_175x_6x.a(clock_17xx_40xx.o)
                0x000099e8                Chip_Clock_GetCPUClockSource
 .text.Chip_Clock_SetCPUClockDiv
                0x00009a0c       0x20 C:\Users\Matata\Dropbox\Tecnicas Digitales 2\Proyecto\Codigo\Micro\Proyecto\lpc_chip_175x_6x\Debug\liblpc_chip_175x_6x.a(clock_17xx_40xx.o)
                0x00009a0c                Chip_Clock_SetCPUClockDiv
 .text.Chip_Clock_GetCPUClockDiv
                0x00009a2c       0x1c C:\Users\Matata\Dropbox\Tecnicas Digitales 2\Proyecto\Codigo\Micro\Proyecto\lpc_chip_175x_6x\Debug\liblpc_chip_175x_6x.a(clock_17xx_40xx.o)
                0x00009a2c                Chip_Clock_GetCPUClockDiv
 .text.Chip_Clock_SetPCLKDiv
                0x00009a48       0x64 C:\Users\Matata\Dropbox\Tecnicas Digitales 2\Proyecto\Codigo\Micro\Proyecto\lpc_chip_175x_6x\Debug\liblpc_chip_175x_6x.a(clock_17xx_40xx.o)
                0x00009a48                Chip_Clock_SetPCLKDiv
 .text.Chip_Clock_GetPCLKDiv
                0x00009aac       0x8c C:\Users\Matata\Dropbox\Tecnicas Digitales 2\Proyecto\Codigo\Micro\Proyecto\lpc_chip_175x_6x\Debug\liblpc_chip_175x_6x.a(clock_17xx_40xx.o)
                0x00009aac                Chip_Clock_GetPCLKDiv
 .text.Chip_Clock_GetSYSCLKRate
                0x00009b38       0x34 C:\Users\Matata\Dropbox\Tecnicas Digitales 2\Proyecto\Codigo\Micro\Proyecto\lpc_chip_175x_6x\Debug\liblpc_chip_175x_6x.a(clock_17xx_40xx.o)
                0x00009b38                Chip_Clock_GetSYSCLKRate
 .text.Chip_Clock_GetMainPLLOutClockRate
                0x00009b6c       0x54 C:\Users\Matata\Dropbox\Tecnicas Digitales 2\Proyecto\Codigo\Micro\Proyecto\lpc_chip_175x_6x\Debug\liblpc_chip_175x_6x.a(clock_17xx_40xx.o)
                0x00009b6c                Chip_Clock_GetMainPLLOutClockRate
 .text.Chip_Clock_GetMainClockRate
                0x00009bc0       0x28 C:\Users\Matata\Dropbox\Tecnicas Digitales 2\Proyecto\Codigo\Micro\Proyecto\lpc_chip_175x_6x\Debug\liblpc_chip_175x_6x.a(clock_17xx_40xx.o)
                0x00009bc0                Chip_Clock_GetMainClockRate
 .text.Chip_Clock_GetSystemClockRate
                0x00009be8       0x18 C:\Users\Matata\Dropbox\Tecnicas Digitales 2\Proyecto\Codigo\Micro\Proyecto\lpc_chip_175x_6x\Debug\liblpc_chip_175x_6x.a(clock_17xx_40xx.o)
                0x00009be8                Chip_Clock_GetSystemClockRate
 .text.Chip_Clock_GetPeripheralClockRate
                0x00009c00       0x28 C:\Users\Matata\Dropbox\Tecnicas Digitales 2\Proyecto\Codigo\Micro\Proyecto\lpc_chip_175x_6x\Debug\liblpc_chip_175x_6x.a(clock_17xx_40xx.o)
                0x00009c00                Chip_Clock_GetPeripheralClockRate
 .text.Chip_IOCON_PinMux
                0x00009c28       0x94 C:\Users\Matata\Dropbox\Tecnicas Digitales 2\Proyecto\Codigo\Micro\Proyecto\lpc_chip_175x_6x\Debug\liblpc_chip_175x_6x.a(iocon_17xx_40xx.o)
                0x00009c28                Chip_IOCON_PinMux
 .text.Chip_SSP_GetStatus
                0x00009cbc       0x28 C:\Users\Matata\Dropbox\Tecnicas Digitales 2\Proyecto\Codigo\Micro\Proyecto\lpc_chip_175x_6x\Debug\liblpc_chip_175x_6x.a(ssp_17xx_40xx.o)
 .text.Chip_SSP_GetRawIntStatus
                0x00009ce4       0x28 C:\Users\Matata\Dropbox\Tecnicas Digitales 2\Proyecto\Codigo\Micro\Proyecto\lpc_chip_175x_6x\Debug\liblpc_chip_175x_6x.a(ssp_17xx_40xx.o)
 .text.Chip_SSP_ClearIntPending
                0x00009d0c       0x1c C:\Users\Matata\Dropbox\Tecnicas Digitales 2\Proyecto\Codigo\Micro\Proyecto\lpc_chip_175x_6x\Debug\liblpc_chip_175x_6x.a(ssp_17xx_40xx.o)
 .text.Chip_SSP_ReceiveFrame
                0x00009d28       0x18 C:\Users\Matata\Dropbox\Tecnicas Digitales 2\Proyecto\Codigo\Micro\Proyecto\lpc_chip_175x_6x\Debug\liblpc_chip_175x_6x.a(ssp_17xx_40xx.o)
 .text.Chip_SSP_SendFrame
                0x00009d40       0x1c C:\Users\Matata\Dropbox\Tecnicas Digitales 2\Proyecto\Codigo\Micro\Proyecto\lpc_chip_175x_6x\Debug\liblpc_chip_175x_6x.a(ssp_17xx_40xx.o)
 .text.SSP_Write1BFifo
                0x00009d5c       0x48 C:\Users\Matata\Dropbox\Tecnicas Digitales 2\Proyecto\Codigo\Micro\Proyecto\lpc_chip_175x_6x\Debug\liblpc_chip_175x_6x.a(ssp_17xx_40xx.o)
 .text.SSP_Read1BFifo
                0x00009da4       0x5c C:\Users\Matata\Dropbox\Tecnicas Digitales 2\Proyecto\Codigo\Micro\Proyecto\lpc_chip_175x_6x\Debug\liblpc_chip_175x_6x.a(ssp_17xx_40xx.o)
 .text.Chip_SSP_GetClkIndex
                0x00009e00       0x2c C:\Users\Matata\Dropbox\Tecnicas Digitales 2\Proyecto\Codigo\Micro\Proyecto\lpc_chip_175x_6x\Debug\liblpc_chip_175x_6x.a(ssp_17xx_40xx.o)
 .text.Chip_SSP_SetClockRate
                0x00009e2c       0x34 C:\Users\Matata\Dropbox\Tecnicas Digitales 2\Proyecto\Codigo\Micro\Proyecto\lpc_chip_175x_6x\Debug\liblpc_chip_175x_6x.a(ssp_17xx_40xx.o)
                0x00009e2c                Chip_SSP_SetClockRate
 .text.Chip_SSP_Int_FlushData
                0x00009e60       0x4c C:\Users\Matata\Dropbox\Tecnicas Digitales 2\Proyecto\Codigo\Micro\Proyecto\lpc_chip_175x_6x\Debug\liblpc_chip_175x_6x.a(ssp_17xx_40xx.o)
                0x00009e60                Chip_SSP_Int_FlushData
 .text.Chip_SSP_Int_RWFrames8Bits
                0x00009eac       0x88 C:\Users\Matata\Dropbox\Tecnicas Digitales 2\Proyecto\Codigo\Micro\Proyecto\lpc_chip_175x_6x\Debug\liblpc_chip_175x_6x.a(ssp_17xx_40xx.o)
                0x00009eac                Chip_SSP_Int_RWFrames8Bits
 .text.Chip_SSP_SetBitRate
                0x00009f34       0x74 C:\Users\Matata\Dropbox\Tecnicas Digitales 2\Proyecto\Codigo\Micro\Proyecto\lpc_chip_175x_6x\Debug\liblpc_chip_175x_6x.a(ssp_17xx_40xx.o)
                0x00009f34                Chip_SSP_SetBitRate
 .text.Chip_SYSCTL_SetFLASHAccess
                0x00009fa8       0x30 C:\Users\Matata\Dropbox\Tecnicas Digitales 2\Proyecto\Codigo\Micro\Proyecto\lpc_chip_175x_6x\Debug\liblpc_chip_175x_6x.a(sysinit_17xx_40xx.o)
 .text.Chip_Clock_IsMainPLLEnabled
                0x00009fd8       0x24 C:\Users\Matata\Dropbox\Tecnicas Digitales 2\Proyecto\Codigo\Micro\Proyecto\lpc_chip_175x_6x\Debug\liblpc_chip_175x_6x.a(sysinit_17xx_40xx.o)
 .text.Chip_Clock_IsMainPLLLocked
                0x00009ffc       0x24 C:\Users\Matata\Dropbox\Tecnicas Digitales 2\Proyecto\Codigo\Micro\Proyecto\lpc_chip_175x_6x\Debug\liblpc_chip_175x_6x.a(sysinit_17xx_40xx.o)
 .text.Chip_Clock_IsMainPLLConnected
                0x0000a020       0x24 C:\Users\Matata\Dropbox\Tecnicas Digitales 2\Proyecto\Codigo\Micro\Proyecto\lpc_chip_175x_6x\Debug\liblpc_chip_175x_6x.a(sysinit_17xx_40xx.o)
 .text.Chip_Clock_EnableCrystal
                0x0000a044       0x20 C:\Users\Matata\Dropbox\Tecnicas Digitales 2\Proyecto\Codigo\Micro\Proyecto\lpc_chip_175x_6x\Debug\liblpc_chip_175x_6x.a(sysinit_17xx_40xx.o)
 .text.Chip_Clock_IsCrystalEnabled
                0x0000a064       0x24 C:\Users\Matata\Dropbox\Tecnicas Digitales 2\Proyecto\Codigo\Micro\Proyecto\lpc_chip_175x_6x\Debug\liblpc_chip_175x_6x.a(sysinit_17xx_40xx.o)
 .text.Chip_Clock_SetMainPLLSource
                0x0000a088       0x20 C:\Users\Matata\Dropbox\Tecnicas Digitales 2\Proyecto\Codigo\Micro\Proyecto\lpc_chip_175x_6x\Debug\liblpc_chip_175x_6x.a(sysinit_17xx_40xx.o)
 .text.Chip_SetupXtalClocking
                0x0000a0a8       0x90 C:\Users\Matata\Dropbox\Tecnicas Digitales 2\Proyecto\Codigo\Micro\Proyecto\lpc_chip_175x_6x\Debug\liblpc_chip_175x_6x.a(sysinit_17xx_40xx.o)
                0x0000a0a8                Chip_SetupXtalClocking
 .text.Chip_SystemInit
                0x0000a138       0x14 C:\Users\Matata\Dropbox\Tecnicas Digitales 2\Proyecto\Codigo\Micro\Proyecto\lpc_chip_175x_6x\Debug\liblpc_chip_175x_6x.a(sysinit_17xx_40xx.o)
                0x0000a138                Chip_SystemInit
 .text.Chip_Timer_GetClockIndex
                0x0000a14c       0x50 C:\Users\Matata\Dropbox\Tecnicas Digitales 2\Proyecto\Codigo\Micro\Proyecto\lpc_chip_175x_6x\Debug\liblpc_chip_175x_6x.a(timer_17xx_40xx.o)
 .text.Chip_TIMER_Init
                0x0000a19c       0x20 C:\Users\Matata\Dropbox\Tecnicas Digitales 2\Proyecto\Codigo\Micro\Proyecto\lpc_chip_175x_6x\Debug\liblpc_chip_175x_6x.a(timer_17xx_40xx.o)
                0x0000a19c                Chip_TIMER_Init
 .text.Chip_TIMER_ExtMatchControlSet
                0x0000a1bc       0x70 C:\Users\Matata\Dropbox\Tecnicas Digitales 2\Proyecto\Codigo\Micro\Proyecto\lpc_chip_175x_6x\Debug\liblpc_chip_175x_6x.a(timer_17xx_40xx.o)
                0x0000a1bc                Chip_TIMER_ExtMatchControlSet
 .text.__main   0x0000a22c       0x14 c:/nxp/lpcxpresso_8.1.2_603/lpcxpresso/tools/bin/../lib/gcc/arm-none-eabi/5.2.1/../../../../arm-none-eabi/lib/armv7-m\libcr_nohost.a(_cr__main.o)
                0x0000a22c                __main
 .text.memcpy   0x0000a240        0x4 c:/nxp/lpcxpresso_8.1.2_603/lpcxpresso/tools/bin/../lib/gcc/arm-none-eabi/5.2.1/../../../../arm-none-eabi/lib/armv7-m\libcr_c.a(memcpy.o)
                0x0000a240                memcpy
 .text.memset   0x0000a244        0x4 c:/nxp/lpcxpresso_8.1.2_603/lpcxpresso/tools/bin/../lib/gcc/arm-none-eabi/5.2.1/../../../../arm-none-eabi/lib/armv7-m\libcr_c.a(memset.o)
                0x0000a244                memset
 .text.malloc   0x0000a248       0xc8 c:/nxp/lpcxpresso_8.1.2_603/lpcxpresso/tools/bin/../lib/gcc/arm-none-eabi/5.2.1/../../../../arm-none-eabi/lib/armv7-m\libcr_c.a(alloc.o)
                0x0000a248                malloc
 .text.free     0x0000a310       0x30 c:/nxp/lpcxpresso_8.1.2_603/lpcxpresso/tools/bin/../lib/gcc/arm-none-eabi/5.2.1/../../../../arm-none-eabi/lib/armv7-m\libcr_c.a(alloc.o)
                0x0000a310                free
 .text._Csys_alloc
                0x0000a340       0x20 c:/nxp/lpcxpresso_8.1.2_603/lpcxpresso/tools/bin/../lib/gcc/arm-none-eabi/5.2.1/../../../../arm-none-eabi/lib/armv7-m\libcr_c.a(alloc.o)
                0x0000a340                _Csys_alloc
 .text._initio  0x0000a360       0xa4 c:/nxp/lpcxpresso_8.1.2_603/lpcxpresso/tools/bin/../lib/gcc/arm-none-eabi/5.2.1/../../../../arm-none-eabi/lib/armv7-m\libcr_c.a(initio.o)
                0x0000a360                _initio
 .text.itoa     0x0000a404       0x5c c:/nxp/lpcxpresso_8.1.2_603/lpcxpresso/tools/bin/../lib/gcc/arm-none-eabi/5.2.1/../../../../arm-none-eabi/lib/armv7-m\libcr_c.a(itoa.o)
                0x0000a404                itoa
 .text.setvbuf  0x0000a460       0x40 c:/nxp/lpcxpresso_8.1.2_603/lpcxpresso/tools/bin/../lib/gcc/arm-none-eabi/5.2.1/../../../../arm-none-eabi/lib/armv7-m\libcr_c.a(setvbuf.o)
                0x0000a460                setvbuf
 .text.abs      0x0000a4a0        0x8 c:/nxp/lpcxpresso_8.1.2_603/lpcxpresso/tools/bin/../lib/gcc/arm-none-eabi/5.2.1/../../../../arm-none-eabi/lib/armv7-m\libcr_c.a(stdlib.o)
                0x0000a4a0                abs
 .text.strcat   0x0000a4a8       0x1e c:/nxp/lpcxpresso_8.1.2_603/lpcxpresso/tools/bin/../lib/gcc/arm-none-eabi/5.2.1/../../../../arm-none-eabi/lib/armv7-m\libcr_c.a(strcat.o)
                0x0000a4a8                strcat
 .text.strchr   0x0000a4c6       0x18 c:/nxp/lpcxpresso_8.1.2_603/lpcxpresso/tools/bin/../lib/gcc/arm-none-eabi/5.2.1/../../../../arm-none-eabi/lib/armv7-m\libcr_c.a(strchr.o)
                0x0000a4c6                strchr
 .text.strlen   0x0000a4de       0x4a c:/nxp/lpcxpresso_8.1.2_603/lpcxpresso/tools/bin/../lib/gcc/arm-none-eabi/5.2.1/../../../../arm-none-eabi/lib/armv7-m\libcr_c.a(strlen.o)
                0x0000a4de                strlen
 .text.strrchr  0x0000a528       0x20 c:/nxp/lpcxpresso_8.1.2_603/lpcxpresso/tools/bin/../lib/gcc/arm-none-eabi/5.2.1/../../../../arm-none-eabi/lib/armv7-m\libcr_c.a(strrchr.o)
                0x0000a528                strrchr
 .text._sbrk    0x0000a548       0x40 c:/nxp/lpcxpresso_8.1.2_603/lpcxpresso/tools/bin/../lib/gcc/arm-none-eabi/5.2.1/../../../../arm-none-eabi/lib/armv7-m\libcr_c.a(_cr_sbrk.o)
                0x0000a548                _sbrk
 .text._deferredlazyseek
                0x0000a588       0x44 c:/nxp/lpcxpresso_8.1.2_603/lpcxpresso/tools/bin/../lib/gcc/arm-none-eabi/5.2.1/../../../../arm-none-eabi/lib/armv7-m\libcr_c.a(_deferredlazyseek.o)
                0x0000a588                _deferredlazyseek
 .text._fdopen  0x0000a5cc       0x6a c:/nxp/lpcxpresso_8.1.2_603/lpcxpresso/tools/bin/../lib/gcc/arm-none-eabi/5.2.1/../../../../arm-none-eabi/lib/armv7-m\libcr_c.a(_fdopen.o)
                0x0000a5cc                _fdopen
 .text._fflush  0x0000a636       0x58 c:/nxp/lpcxpresso_8.1.2_603/lpcxpresso/tools/bin/../lib/gcc/arm-none-eabi/5.2.1/../../../../arm-none-eabi/lib/armv7-m\libcr_c.a(_fflush.o)
                0x0000a636                _fflush
 *fill*         0x0000a68e        0x2 ff
 .text._Cwritebuf
                0x0000a690       0x68 c:/nxp/lpcxpresso_8.1.2_603/lpcxpresso/tools/bin/../lib/gcc/arm-none-eabi/5.2.1/../../../../arm-none-eabi/lib/armv7-m\libcr_c.a(_writebuf.o)
                0x0000a690                _Cwritebuf
 .text.fclose   0x0000a6f8       0x6c c:/nxp/lpcxpresso_8.1.2_603/lpcxpresso/tools/bin/../lib/gcc/arm-none-eabi/5.2.1/../../../../arm-none-eabi/lib/armv7-m\libcr_c.a(fclose.o)
                0x0000a6f8                fclose
 .text.fflush   0x0000a764       0x30 c:/nxp/lpcxpresso_8.1.2_603/lpcxpresso/tools/bin/../lib/gcc/arm-none-eabi/5.2.1/../../../../arm-none-eabi/lib/armv7-m\libcr_c.a(fflush.o)
                0x0000a764                fflush
 .text.fseek    0x0000a794      0x110 c:/nxp/lpcxpresso_8.1.2_603/lpcxpresso/tools/bin/../lib/gcc/arm-none-eabi/5.2.1/../../../../arm-none-eabi/lib/armv7-m\libcr_c.a(fseek.o)
                0x0000a794                fseek
 .text.ftell    0x0000a8a4       0x4c c:/nxp/lpcxpresso_8.1.2_603/lpcxpresso/tools/bin/../lib/gcc/arm-none-eabi/5.2.1/../../../../arm-none-eabi/lib/armv7-m\libcr_c.a(ftell.o)
                0x0000a8a4                ftell
 .text.remove   0x0000a8f0       0x14 c:/nxp/lpcxpresso_8.1.2_603/lpcxpresso/tools/bin/../lib/gcc/arm-none-eabi/5.2.1/../../../../arm-none-eabi/lib/armv7-m\libcr_c.a(remove.o)
                0x0000a8f0                remove
 .text.__check_heap_overflow
                0x0000a904       0x18 c:/nxp/lpcxpresso_8.1.2_603/lpcxpresso/tools/bin/../lib/gcc/arm-none-eabi/5.2.1/../../../../arm-none-eabi/lib/armv7-m\libcr_c.a(_cr_check_heap.o)
                0x0000a904                __check_heap_overflow
 .text._do_fflush
                0x0000a91c       0x44 c:/nxp/lpcxpresso_8.1.2_603/lpcxpresso/tools/bin/../lib/gcc/arm-none-eabi/5.2.1/../../../../arm-none-eabi/lib/armv7-m\libcr_c.a(_do_fflush.o)
                0x0000a91c                _do_fflush
 .text.__aeabi_memcpy
                0x0000a960       0x34 c:/nxp/lpcxpresso_8.1.2_603/lpcxpresso/tools/bin/../lib/gcc/arm-none-eabi/5.2.1/armv7-m\libcr_eabihelpers.a(memcpy.o)
                0x0000a960                __aeabi_memcpy
                0x0000a96a                __aeabi_memcpy8
                0x0000a96a                __aeabi_memcpy4
 .text.__aeabi_memset_lowlevel
                0x0000a994       0x32 c:/nxp/lpcxpresso_8.1.2_603/lpcxpresso/tools/bin/../lib/gcc/arm-none-eabi/5.2.1/armv7-m\libcr_eabihelpers.a(memcpy.o)
                0x0000a994                __aeabi_lowlevel_memset
 .text.__sys_appexit
                0x0000a9c6        0x2 c:/nxp/lpcxpresso_8.1.2_603/lpcxpresso/tools/bin/../lib/gcc/arm-none-eabi/5.2.1/../../../../arm-none-eabi/lib/armv7-m\libcr_nohost.a(__sys_appexit.o)
                0x0000a9c6                __sys_appexit
                0x0000a9c6                __exit
 .text.__sys_close
                0x0000a9c8        0x6 c:/nxp/lpcxpresso_8.1.2_603/lpcxpresso/tools/bin/../lib/gcc/arm-none-eabi/5.2.1/../../../../arm-none-eabi/lib/armv7-m\libcr_nohost.a(__sys_close.o)
                0x0000a9c8                __sys_close
 .text.__sys_flen
                0x0000a9ce        0x6 c:/nxp/lpcxpresso_8.1.2_603/lpcxpresso/tools/bin/../lib/gcc/arm-none-eabi/5.2.1/../../../../arm-none-eabi/lib/armv7-m\libcr_nohost.a(__sys_flen.o)
                0x0000a9ce                __sys_flen
 .text.__sys_istty
                0x0000a9d4        0x6 c:/nxp/lpcxpresso_8.1.2_603/lpcxpresso/tools/bin/../lib/gcc/arm-none-eabi/5.2.1/../../../../arm-none-eabi/lib/armv7-m\libcr_nohost.a(__sys_istty.o)
                0x0000a9d4                __sys_istty
 .text.__sys_remove
                0x0000a9da        0x6 c:/nxp/lpcxpresso_8.1.2_603/lpcxpresso/tools/bin/../lib/gcc/arm-none-eabi/5.2.1/../../../../arm-none-eabi/lib/armv7-m\libcr_nohost.a(__sys_remove.o)
                0x0000a9da                __sys_remove
 .text.__sys_seek
                0x0000a9e0        0x6 c:/nxp/lpcxpresso_8.1.2_603/lpcxpresso/tools/bin/../lib/gcc/arm-none-eabi/5.2.1/../../../../arm-none-eabi/lib/armv7-m\libcr_nohost.a(__sys_seek.o)
                0x0000a9e0                __sys_seek
 .text.__sys_tmpnam
                0x0000a9e6        0x6 c:/nxp/lpcxpresso_8.1.2_603/lpcxpresso/tools/bin/../lib/gcc/arm-none-eabi/5.2.1/../../../../arm-none-eabi/lib/armv7-m\libcr_nohost.a(__sys_tmpnam.o)
                0x0000a9e6                __sys_tmpnam
 *(.rodata .rodata.* .constdata .constdata.*)
 .rodata        0x0000a9ec        0x5 ./freertos/src/tasks.o
 *fill*         0x0000a9f1        0x3 ff
 .rodata        0x0000a9f4       0x35 ./example/src/TFT/TFT.o
 *fill*         0x0000aa29        0x3 ff
 .rodata.str1.4
                0x0000aa2c       0x4c ./example/src/TFT/TFT.o
                                 0x5c (size before relaxing)
 .rodata.Calibri10
                0x0000aa78      0x8d6 ./example/src/Fonts/Calibri10.o
                0x0000aa78                Calibri10
 *fill*         0x0000b34e        0x2 ff
 .rodata.ExCvt  0x0000b350       0x80 ./example/src/FatFs/ff.o
 .rodata        0x0000b3d0        0xf ./example/src/FatFs/ff.o
 *fill*         0x0000b3df        0x1 ff
 .rodata.g_usbApi
                0x0000b3e0       0x20 ./example/src/freertos_blinky.o
 .rodata        0x0000b400       0xe8 ./example/src/freertos_blinky.o
 .rodata.HID_ReportDescriptor
                0x0000b4e8       0x21 ./example/src/hid_desc.o
                0x0000b4e8                HID_ReportDescriptor
 *fill*         0x0000b509        0x1 ff
 .rodata.HID_ReportDescSize
                0x0000b50a        0x2 ./example/src/hid_desc.o
                0x0000b50a                HID_ReportDescSize
 .rodata.USB_DeviceDescriptor
                0x0000b50c       0x12 ./example/src/hid_desc.o
                0x0000b50c                USB_DeviceDescriptor
 *fill*         0x0000b51e        0x2 ff
 .rodata.USB_StringDescriptor
                0x0000b520       0x68 ./example/src/hid_desc.o
                0x0000b520                USB_StringDescriptor
 .rodata.hw_api
                0x0000b588       0x5c C:\Users\Matata\Dropbox\Tecnicas Digitales 2\Proyecto\Codigo\Micro\Proyecto\lpc_chip_175x_6x\libs\libusbd_175x_6x_lib.a(mw_usbd_rom_api.o)
                0x0000b588                hw_api
 .rodata.core_api
                0x0000b5e4       0x20 C:\Users\Matata\Dropbox\Tecnicas Digitales 2\Proyecto\Codigo\Micro\Proyecto\lpc_chip_175x_6x\libs\libusbd_175x_6x_lib.a(mw_usbd_rom_api.o)
                0x0000b5e4                core_api
 .rodata.hid_api
                0x0000b604        0x8 C:\Users\Matata\Dropbox\Tecnicas Digitales 2\Proyecto\Codigo\Micro\Proyecto\lpc_chip_175x_6x\libs\libusbd_175x_6x_lib.a(mw_usbd_rom_api.o)
                0x0000b604                hid_api
 .rodata.OscRateIn
                0x0000b60c        0x4 C:\Users\Matata\Dropbox\Tecnicas Digitales 2\Proyecto\Codigo\Micro\Proyecto\lpc_board_nxp_lpcxpresso_1769\Debug\liblpc_board_nxp_lpcxpresso_1769.a(board.o)
                0x0000b60c                OscRateIn
 .rodata.RTCOscRateIn
                0x0000b610        0x4 C:\Users\Matata\Dropbox\Tecnicas Digitales 2\Proyecto\Codigo\Micro\Proyecto\lpc_board_nxp_lpcxpresso_1769\Debug\liblpc_board_nxp_lpcxpresso_1769.a(board.o)
                0x0000b610                RTCOscRateIn
 .rodata.str1.1
                0x0000b614       0x18 c:/nxp/lpcxpresso_8.1.2_603/lpcxpresso/tools/bin/../lib/gcc/arm-none-eabi/5.2.1/../../../../arm-none-eabi/lib/armv7-m\libcr_c.a(alloc.o)
 .rodata.str1.1
                0x0000b62c        0x4 c:/nxp/lpcxpresso_8.1.2_603/lpcxpresso/tools/bin/../lib/gcc/arm-none-eabi/5.2.1/../../../../arm-none-eabi/lib/armv7-m\libcr_c.a(initio.o)
 .rodata.digits
                0x0000b630       0x11 c:/nxp/lpcxpresso_8.1.2_603/lpcxpresso/tools/bin/../lib/gcc/arm-none-eabi/5.2.1/../../../../arm-none-eabi/lib/armv7-m\libcr_c.a(itoa.o)
                0x0000b644                . = ALIGN (0x4)
 *fill*         0x0000b641        0x3 ff

.glue_7         0x0000b644        0x0
 .glue_7        0x0000b644        0x0 linker stubs

.glue_7t        0x0000b644        0x0
 .glue_7t       0x0000b644        0x0 linker stubs

.vfp11_veneer   0x0000b644        0x0
 .vfp11_veneer  0x0000b644        0x0 linker stubs

.v4_bx          0x0000b644        0x0
 .v4_bx         0x0000b644        0x0 linker stubs

.iplt           0x0000b644        0x0
 .iplt          0x0000b644        0x0 ./freertos/src/FreeRTOSCommonHooks.o

.rel.dyn        0x0000b644        0x0
 .rel.iplt      0x0000b644        0x0 ./freertos/src/FreeRTOSCommonHooks.o

.ARM.extab
 *(.ARM.extab* .gnu.linkonce.armextab.*)
                0x0000b644                __exidx_start = .

.ARM.exidx
 *(.ARM.exidx* .gnu.linkonce.armexidx.*)
                0x0000b644                __exidx_end = .
                0x0000b644                _etext = .

.data_RAM2      0x2007c000        0x0 load address 0x0000b644
 FILL mask 0xff
                [!provide]                PROVIDE (__start_data_RAM2, .)
 *(.ramfunc.$RAM2)
 *(.ramfunc.$RamAHB32)
 *(.data.$RAM2*)
 *(.data.$RamAHB32*)
                0x2007c000                . = ALIGN (0x4)
                [!provide]                PROVIDE (__end_data_RAM2, .)

.uninit_RESERVED
                0x10000000        0x0
 *(.bss.$RESERVED*)
                0x10000000                . = ALIGN (0x4)
                0x10000000                _end_uninit_RESERVED = .

.data           0x10000000       0x38 load address 0x0000b644
 FILL mask 0xff
                0x10000000                _data = .
 *(vtable)
 *(.ramfunc*)
 *(.data*)
 .data.uxCriticalNesting
                0x10000000        0x4 ./freertos/src/port.o
 .data.xNextTaskUnblockTime
                0x10000004        0x4 ./freertos/src/tasks.o
 .data.g_pUsbApi
                0x10000008        0x4 ./example/src/freertos_blinky.o
                0x10000008                g_pUsbApi
 .data.USB_FsConfigDescriptor
                0x1000000c       0x2a ./example/src/hid_desc.o
                0x1000000c                USB_FsConfigDescriptor
                0x10000038                . = ALIGN (0x4)
 *fill*         0x10000036        0x2 ff
                0x10000038                _edata = .

.igot.plt       0x10000038        0x0 load address 0x0000b67c
 .igot.plt      0x10000038        0x0 ./freertos/src/FreeRTOSCommonHooks.o

.bss_RAM2       0x2007c000        0x0
                [!provide]                PROVIDE (__start_bss_RAM2, .)
 *(.bss.$RAM2*)
 *(.bss.$RamAHB32*)
                0x2007c000                . = ALIGN ((. != 0x0)?0x4:0x1)
                [!provide]                PROVIDE (__end_bss_RAM2, .)

.bss            0x10000038      0xf94
                0x10000038                _bss = .
 *(.bss*)
 .bss.ulTimerCountsForOneTick
                0x10000038        0x4 ./freertos/src/port.o
 .bss.xMaximumPossibleSuppressedTicks
                0x1000003c        0x4 ./freertos/src/port.o
 .bss.ulStoppedTimerCompensation
                0x10000040        0x4 ./freertos/src/port.o
 .bss.pxCurrentTCB
                0x10000044        0x4 ./freertos/src/tasks.o
                0x10000044                pxCurrentTCB
 .bss.pxReadyTasksLists
                0x10000048       0xa0 ./freertos/src/tasks.o
 .bss.xDelayedTaskList1
                0x100000e8       0x14 ./freertos/src/tasks.o
 .bss.xDelayedTaskList2
                0x100000fc       0x14 ./freertos/src/tasks.o
 .bss.pxDelayedTaskList
                0x10000110        0x4 ./freertos/src/tasks.o
 .bss.pxOverflowDelayedTaskList
                0x10000114        0x4 ./freertos/src/tasks.o
 .bss.xPendingReadyList
                0x10000118       0x14 ./freertos/src/tasks.o
 .bss.xTasksWaitingTermination
                0x1000012c       0x14 ./freertos/src/tasks.o
 .bss.uxTasksDeleted
                0x10000140        0x4 ./freertos/src/tasks.o
 .bss.xSuspendedTaskList
                0x10000144       0x14 ./freertos/src/tasks.o
 .bss.uxCurrentNumberOfTasks
                0x10000158        0x4 ./freertos/src/tasks.o
 .bss.xTickCount
                0x1000015c        0x4 ./freertos/src/tasks.o
 .bss.uxTopReadyPriority
                0x10000160        0x4 ./freertos/src/tasks.o
 .bss.xSchedulerRunning
                0x10000164        0x4 ./freertos/src/tasks.o
 .bss.uxSchedulerSuspended
                0x10000168        0x4 ./freertos/src/tasks.o
 .bss.uxPendedTicks
                0x1000016c        0x4 ./freertos/src/tasks.o
 .bss.xYieldPending
                0x10000170        0x4 ./freertos/src/tasks.o
 .bss.xNumOfOverflows
                0x10000174        0x4 ./freertos/src/tasks.o
 .bss.uxTaskNumber
                0x10000178        0x4 ./freertos/src/tasks.o
 .bss.sub_counter.7974
                0x1000017c        0x4 ./example/src/Perifericos/TIMER.o
 .bss.counter.7973
                0x10000180        0x4 ./example/src/Perifericos/TIMER.o
 .bss.inicializada
                0x10000184        0x1 ./example/src/FatFs/SD_AJS.o
 *fill*         0x10000185        0x3 
 .bss.FatFs     0x10000188        0x4 ./example/src/FatFs/ff.o
 .bss.Fsid      0x1000018c        0x2 ./example/src/FatFs/ff.o
 *fill*         0x1000018e        0x2 
 .bss.SDWriteTask
                0x10000190        0x4 ./example/src/freertos_blinky.o
                0x10000190                SDWriteTask
 .bss.ModeTask  0x10000194        0x4 ./example/src/freertos_blinky.o
                0x10000194                ModeTask
 .bss.DisparoTaskHandle
                0x10000198        0x4 ./example/src/freertos_blinky.o
                0x10000198                DisparoTaskHandle
 .bss.g_hUsb    0x1000019c        0x4 ./example/src/freertos_blinky.o
 .bss.prom_count.9266
                0x100001a0        0x2 ./example/src/freertos_blinky.o
 *fill*         0x100001a2        0x2 
 .bss.buff_datos.9264
                0x100001a4       0x14 ./example/src/freertos_blinky.o
 .bss.counter.9263
                0x100001b8        0x4 ./example/src/freertos_blinky.o
 .bss.buffer1.9265
                0x100001bc      0x258 ./example/src/freertos_blinky.o
 .bss.prom_count.9284
                0x10000414        0x2 ./example/src/freertos_blinky.o
 *fill*         0x10000416        0x2 
 .bss.buff_datos.9283
                0x10000418       0x14 ./example/src/freertos_blinky.o
 .bss.counter.9282
                0x1000042c        0x4 ./example/src/freertos_blinky.o
 .bss.buffer.9281
                0x10000430      0x258 ./example/src/freertos_blinky.o
 .bss.prom_count.9302
                0x10000688        0x2 ./example/src/freertos_blinky.o
 *fill*         0x1000068a        0x2 
 .bss.buff_datos.9301
                0x1000068c       0x14 ./example/src/freertos_blinky.o
 .bss.counter.9300
                0x100006a0        0x4 ./example/src/freertos_blinky.o
 .bss.buffer.9299
                0x100006a4      0x258 ./example/src/freertos_blinky.o
 .bss.buff.9322
                0x100008fc        0x4 ./example/src/freertos_blinky.o
 .bss.archivo.9320
                0x10000900        0x4 ./example/src/freertos_blinky.o
 .bss.canales.9318
                0x10000904        0x1 ./example/src/freertos_blinky.o
 .bss.fil_aux.9323
                0x10000905        0x1 ./example/src/freertos_blinky.o
 .bss.fr.9321   0x10000906        0x1 ./example/src/freertos_blinky.o
 *fill*         0x10000907        0x1 
 .bss.dato_ch.9319
                0x10000908        0x6 ./example/src/freertos_blinky.o
 .bss.canales_r.9317
                0x1000090e        0x1 ./example/src/freertos_blinky.o
 *fill*         0x1000090f        0x1 
 .bss.i.9339    0x10000910        0x4 ./example/src/freertos_blinky.o
 .bss.quantity.9340
                0x10000914        0x4 ./example/src/freertos_blinky.o
 .bss.modo.9347
                0x10000918        0x1 ./example/src/freertos_blinky.o
 .bss.brillo.9385
                0x10000919        0x1 ./example/src/freertos_blinky.o
 *fill*         0x1000091a        0x2 
 .bss.arch.9410
                0x1000091c      0x228 ./example/src/freertos_blinky.o
 .bss.canales.9409
                0x10000b44        0x1 ./example/src/freertos_blinky.o
 .bss.grabando.9408
                0x10000b45        0x1 ./example/src/freertos_blinky.o
 *fill*         0x10000b46        0x2 
 .bss.loopback_report
                0x10000b48        0x4 ./example/src/hid_generic.o
 .bss.buff      0x10000b4c       0x40 ./example/src/hid_generic.o
 .bss._extra    0x10000b8c        0x4 c:/nxp/lpcxpresso_8.1.2_603/lpcxpresso/tools/bin/../lib/gcc/arm-none-eabi/5.2.1/../../../../arm-none-eabi/lib/armv7-m\libcr_c.a(initio.o)
                0x10000b8c                _extra
 .bss.__Ciob    0x10000b90      0x140 c:/nxp/lpcxpresso_8.1.2_603/lpcxpresso/tools/bin/../lib/gcc/arm-none-eabi/5.2.1/../../../../arm-none-eabi/lib/armv7-m\libcr_c.a(stdio.o)
                0x10000b90                __Ciob
 .bss.__heaps   0x10000cd0        0x4 c:/nxp/lpcxpresso_8.1.2_603/lpcxpresso/tools/bin/../lib/gcc/arm-none-eabi/5.2.1/../../../../arm-none-eabi/lib/armv7-m\libcr_c.a(__init_alloc.o)
                0x10000cd0                __heaps
 .bss.__end_of_heap
                0x10000cd4        0x4 c:/nxp/lpcxpresso_8.1.2_603/lpcxpresso/tools/bin/../lib/gcc/arm-none-eabi/5.2.1/../../../../arm-none-eabi/lib/armv7-m\libcr_c.a(__init_alloc.o)
                0x10000cd4                __end_of_heap
 .bss.errno     0x10000cd8        0x4 c:/nxp/lpcxpresso_8.1.2_603/lpcxpresso/tools/bin/../lib/gcc/arm-none-eabi/5.2.1/../../../../arm-none-eabi/lib/armv7-m\libcr_c.a(errno.o)
                0x10000cd8                errno
 *(COMMON)
 COMMON         0x10000cdc       0x74 ./example/src/FatFs/SD_AJS.o
                0x10000cdc                CardType
                0x10000ce0                CardConfig
 COMMON         0x10000d50      0x278 ./example/src/freertos_blinky.o
                0x10000d50                cola_SSP_RX
                0x10000d54                cola_SSP_TX
                0x10000d58                colaADC2
                0x10000d5c                sem_SD
                0x10000d60                sem_SD_init
                0x10000d64                fs
                0x10000f94                sem_dimm
                0x10000f98                sem_TFT
                0x10000f9c                cola_base_tiempo
                0x10000fa0                colaADC0
                0x10000fa4                sem_modo
                0x10000fa8                sem_USB_init
                0x10000fac                sem_SD_Deinit
                0x10000fb0                cola_SD
                0x10000fb4                colaADC1
                0x10000fb8                sem_disp
                0x10000fbc                cola_buffer
                0x10000fc0                cola_config
                0x10000fc4                sem_USB
 COMMON         0x10000fc8        0x4 C:\Users\Matata\Dropbox\Tecnicas Digitales 2\Proyecto\Codigo\Micro\Proyecto\lpc_chip_175x_6x\Debug\liblpc_chip_175x_6x.a(chip_17xx_40xx.o)
                0x10000fc8                SystemCoreClock
                0x10000fcc                . = ALIGN (0x4)
                0x10000fcc                _ebss = .
                [!provide]                PROVIDE (end, .)

.noinit_RAM2    0x2007c000        0x0
 *(.noinit.$RAM2*)
 *(.noinit.$RamAHB32*)
                0x2007c000                . = ALIGN (0x4)

.noinit         0x10000fcc        0x0
                0x10000fcc                _noinit = .
 *(.noinit*)
                0x10000fcc                . = ALIGN (0x4)
                0x10000fcc                _end_noinit = .
                0x10000fcc                PROVIDE (_pvHeapStart, DEFINED (__user_heap_base)?__user_heap_base:.)
                0x10008000                PROVIDE (_vStackTop, DEFINED (__user_stack_top)?__user_stack_top:(__top_RamLoc32 - 0x0))
                [!provide]                PROVIDE (__valid_user_code_checksum, (0x0 - ((((((_vStackTop + (ResetISR + 0x1)) + (NMI_Handler + 0x1)) + (HardFault_Handler + 0x1)) + (DEFINED (MemManage_Handler)?MemManage_Handler:0x0 + 0x1)) + (DEFINED (BusFault_Handler)?BusFault_Handler:0x0 + 0x1)) + (DEFINED (UsageFault_Handler)?UsageFault_Handler:0x0 + 0x1))))
OUTPUT(freertos_blinky.axf elf32-littlearm)

.debug_info     0x00000000    0x19ece
 .debug_info    0x00000000      0x19b ./freertos/src/FreeRTOSCommonHooks.o
 .debug_info    0x0000019b      0x130 ./freertos/src/heap_3.o
 .debug_info    0x000002cb      0x2cb ./freertos/src/list.o
 .debug_info    0x00000596      0x3d4 ./freertos/src/port.o
 .debug_info    0x0000096a      0xbd0 ./freertos/src/queue.o
 .debug_info    0x0000153a     0x11f7 ./freertos/src/tasks.o
 .debug_info    0x00002731      0x2cf ./example/src/TFT/Font.o
 .debug_info    0x00002a00      0x794 ./example/src/TFT/Graphics.o
 .debug_info    0x00003194     0x23b1 ./example/src/TFT/TFT.o
 .debug_info    0x00005545      0x9de ./example/src/Perifericos/SSP.o
 .debug_info    0x00005f23      0xa0c ./example/src/Perifericos/TIMER.o
 .debug_info    0x0000692f      0x1d1 ./example/src/Fonts/Calibri10.o
 .debug_info    0x00006b00      0xa1a ./example/src/FatFs/SD_AJS.o
 .debug_info    0x0000751a      0x5bc ./example/src/FatFs/diskio.o
 .debug_info    0x00007ad6     0x1d51 ./example/src/FatFs/ff.o
 .debug_info    0x00009827      0x379 ./example/src/cr_startup_lpc175x_6x.o
 .debug_info    0x00009ba0     0x33c1 ./example/src/freertos_blinky.o
 .debug_info    0x0000cf61      0x131 ./example/src/hid_desc.o
 .debug_info    0x0000d092     0x2081 ./example/src/hid_generic.o
 .debug_info    0x0000f113      0x10c ./example/src/sysinit.o
 .debug_info    0x0000f21f     0x14f8 C:\Users\Matata\Dropbox\Tecnicas Digitales 2\Proyecto\Codigo\Micro\Proyecto\lpc_chip_175x_6x\libs\libusbd_175x_6x_lib.a(mw_usbd_rom_api.o)
 .debug_info    0x00010717     0x1f77 C:\Users\Matata\Dropbox\Tecnicas Digitales 2\Proyecto\Codigo\Micro\Proyecto\lpc_chip_175x_6x\libs\libusbd_175x_6x_lib.a(hw_usbd_ip3503.o)
 .debug_info    0x0001268e     0x1f80 C:\Users\Matata\Dropbox\Tecnicas Digitales 2\Proyecto\Codigo\Micro\Proyecto\lpc_chip_175x_6x\libs\libusbd_175x_6x_lib.a(mw_usbd_core.o)
 .debug_info    0x0001460e     0x149a C:\Users\Matata\Dropbox\Tecnicas Digitales 2\Proyecto\Codigo\Micro\Proyecto\lpc_chip_175x_6x\libs\libusbd_175x_6x_lib.a(mw_usbd_hiduser.o)
 .debug_info    0x00015aa8     0x13ae C:\Users\Matata\Dropbox\Tecnicas Digitales 2\Proyecto\Codigo\Micro\Proyecto\lpc_board_nxp_lpcxpresso_1769\Debug\liblpc_board_nxp_lpcxpresso_1769.a(board.o)
 .debug_info    0x00016e56      0x88d C:\Users\Matata\Dropbox\Tecnicas Digitales 2\Proyecto\Codigo\Micro\Proyecto\lpc_chip_175x_6x\Debug\liblpc_chip_175x_6x.a(adc_17xx_40xx.o)
 .debug_info    0x000176e3      0x51e C:\Users\Matata\Dropbox\Tecnicas Digitales 2\Proyecto\Codigo\Micro\Proyecto\lpc_chip_175x_6x\Debug\liblpc_chip_175x_6x.a(chip_17xx_40xx.o)
 .debug_info    0x00017c01      0xb62 C:\Users\Matata\Dropbox\Tecnicas Digitales 2\Proyecto\Codigo\Micro\Proyecto\lpc_chip_175x_6x\Debug\liblpc_chip_175x_6x.a(clock_17xx_40xx.o)
 .debug_info    0x00018763      0x2d9 C:\Users\Matata\Dropbox\Tecnicas Digitales 2\Proyecto\Codigo\Micro\Proyecto\lpc_chip_175x_6x\Debug\liblpc_chip_175x_6x.a(iocon_17xx_40xx.o)
 .debug_info    0x00018a3c      0xbf1 C:\Users\Matata\Dropbox\Tecnicas Digitales 2\Proyecto\Codigo\Micro\Proyecto\lpc_chip_175x_6x\Debug\liblpc_chip_175x_6x.a(ssp_17xx_40xx.o)
 .debug_info    0x0001962d      0x4ad C:\Users\Matata\Dropbox\Tecnicas Digitales 2\Proyecto\Codigo\Micro\Proyecto\lpc_chip_175x_6x\Debug\liblpc_chip_175x_6x.a(sysinit_17xx_40xx.o)
 .debug_info    0x00019ada      0x3f4 C:\Users\Matata\Dropbox\Tecnicas Digitales 2\Proyecto\Codigo\Micro\Proyecto\lpc_chip_175x_6x\Debug\liblpc_chip_175x_6x.a(timer_17xx_40xx.o)

.debug_abbrev   0x00000000     0x3d3d
 .debug_abbrev  0x00000000      0x126 ./freertos/src/FreeRTOSCommonHooks.o
 .debug_abbrev  0x00000126       0xd1 ./freertos/src/heap_3.o
 .debug_abbrev  0x000001f7       0xe9 ./freertos/src/list.o
 .debug_abbrev  0x000002e0      0x1dc ./freertos/src/port.o
 .debug_abbrev  0x000004bc      0x203 ./freertos/src/queue.o
 .debug_abbrev  0x000006bf      0x243 ./freertos/src/tasks.o
 .debug_abbrev  0x00000902      0x119 ./example/src/TFT/Font.o
 .debug_abbrev  0x00000a1b      0x112 ./example/src/TFT/Graphics.o
 .debug_abbrev  0x00000b2d      0x24c ./example/src/TFT/TFT.o
 .debug_abbrev  0x00000d79      0x224 ./example/src/Perifericos/SSP.o
 .debug_abbrev  0x00000f9d      0x21d ./example/src/Perifericos/TIMER.o
 .debug_abbrev  0x000011ba       0xd4 ./example/src/Fonts/Calibri10.o
 .debug_abbrev  0x0000128e      0x255 ./example/src/FatFs/SD_AJS.o
 .debug_abbrev  0x000014e3      0x15c ./example/src/FatFs/diskio.o
 .debug_abbrev  0x0000163f      0x216 ./example/src/FatFs/ff.o
 .debug_abbrev  0x00001855      0x15a ./example/src/cr_startup_lpc175x_6x.o
 .debug_abbrev  0x000019af      0x3f6 ./example/src/freertos_blinky.o
 .debug_abbrev  0x00001da5       0x5d ./example/src/hid_desc.o
 .debug_abbrev  0x00001e02      0x2a9 ./example/src/hid_generic.o
 .debug_abbrev  0x000020ab       0xa0 ./example/src/sysinit.o
 .debug_abbrev  0x0000214b      0x143 C:\Users\Matata\Dropbox\Tecnicas Digitales 2\Proyecto\Codigo\Micro\Proyecto\lpc_chip_175x_6x\libs\libusbd_175x_6x_lib.a(mw_usbd_rom_api.o)
 .debug_abbrev  0x0000228e      0x3b8 C:\Users\Matata\Dropbox\Tecnicas Digitales 2\Proyecto\Codigo\Micro\Proyecto\lpc_chip_175x_6x\libs\libusbd_175x_6x_lib.a(hw_usbd_ip3503.o)
 .debug_abbrev  0x00002646      0x3f6 C:\Users\Matata\Dropbox\Tecnicas Digitales 2\Proyecto\Codigo\Micro\Proyecto\lpc_chip_175x_6x\libs\libusbd_175x_6x_lib.a(mw_usbd_core.o)
 .debug_abbrev  0x00002a3c      0x318 C:\Users\Matata\Dropbox\Tecnicas Digitales 2\Proyecto\Codigo\Micro\Proyecto\lpc_chip_175x_6x\libs\libusbd_175x_6x_lib.a(mw_usbd_hiduser.o)
 .debug_abbrev  0x00002d54      0x379 C:\Users\Matata\Dropbox\Tecnicas Digitales 2\Proyecto\Codigo\Micro\Proyecto\lpc_board_nxp_lpcxpresso_1769\Debug\liblpc_board_nxp_lpcxpresso_1769.a(board.o)
 .debug_abbrev  0x000030cd      0x1bc C:\Users\Matata\Dropbox\Tecnicas Digitales 2\Proyecto\Codigo\Micro\Proyecto\lpc_chip_175x_6x\Debug\liblpc_chip_175x_6x.a(adc_17xx_40xx.o)
 .debug_abbrev  0x00003289      0x13c C:\Users\Matata\Dropbox\Tecnicas Digitales 2\Proyecto\Codigo\Micro\Proyecto\lpc_chip_175x_6x\Debug\liblpc_chip_175x_6x.a(chip_17xx_40xx.o)
 .debug_abbrev  0x000033c5      0x2ec C:\Users\Matata\Dropbox\Tecnicas Digitales 2\Proyecto\Codigo\Micro\Proyecto\lpc_chip_175x_6x\Debug\liblpc_chip_175x_6x.a(clock_17xx_40xx.o)
 .debug_abbrev  0x000036b1      0x126 C:\Users\Matata\Dropbox\Tecnicas Digitales 2\Proyecto\Codigo\Micro\Proyecto\lpc_chip_175x_6x\Debug\liblpc_chip_175x_6x.a(iocon_17xx_40xx.o)
 .debug_abbrev  0x000037d7      0x258 C:\Users\Matata\Dropbox\Tecnicas Digitales 2\Proyecto\Codigo\Micro\Proyecto\lpc_chip_175x_6x\Debug\liblpc_chip_175x_6x.a(ssp_17xx_40xx.o)
 .debug_abbrev  0x00003a2f      0x1ab C:\Users\Matata\Dropbox\Tecnicas Digitales 2\Proyecto\Codigo\Micro\Proyecto\lpc_chip_175x_6x\Debug\liblpc_chip_175x_6x.a(sysinit_17xx_40xx.o)
 .debug_abbrev  0x00003bda      0x163 C:\Users\Matata\Dropbox\Tecnicas Digitales 2\Proyecto\Codigo\Micro\Proyecto\lpc_chip_175x_6x\Debug\liblpc_chip_175x_6x.a(timer_17xx_40xx.o)

.debug_aranges  0x00000000     0x1198
 .debug_aranges
                0x00000000       0x40 ./freertos/src/FreeRTOSCommonHooks.o
 .debug_aranges
                0x00000040       0x28 ./freertos/src/heap_3.o
 .debug_aranges
                0x00000068       0x40 ./freertos/src/list.o
 .debug_aranges
                0x000000a8       0x90 ./freertos/src/port.o
 .debug_aranges
                0x00000138       0xf0 ./freertos/src/queue.o
 .debug_aranges
                0x00000228      0x170 ./freertos/src/tasks.o
 .debug_aranges
                0x00000398       0x28 ./example/src/TFT/Font.o
 .debug_aranges
                0x000003c0       0x38 ./example/src/TFT/Graphics.o
 .debug_aranges
                0x000003f8       0x80 ./example/src/TFT/TFT.o
 .debug_aranges
                0x00000478       0x60 ./example/src/Perifericos/SSP.o
 .debug_aranges
                0x000004d8       0x98 ./example/src/Perifericos/TIMER.o
 .debug_aranges
                0x00000570       0x20 ./example/src/Fonts/Calibri10.o
 .debug_aranges
                0x00000590       0x80 ./example/src/FatFs/SD_AJS.o
 .debug_aranges
                0x00000610       0x48 ./example/src/FatFs/diskio.o
 .debug_aranges
                0x00000658      0x1d0 ./example/src/FatFs/ff.o
 .debug_aranges
                0x00000828       0x88 ./example/src/cr_startup_lpc175x_6x.o
 .debug_aranges
                0x000008b0       0xf8 ./example/src/freertos_blinky.o
 .debug_aranges
                0x000009a8       0x18 ./example/src/hid_desc.o
 .debug_aranges
                0x000009c0       0x58 ./example/src/hid_generic.o
 .debug_aranges
                0x00000a18       0x20 ./example/src/sysinit.o
 .debug_aranges
                0x00000a38       0x18 C:\Users\Matata\Dropbox\Tecnicas Digitales 2\Proyecto\Codigo\Micro\Proyecto\lpc_chip_175x_6x\libs\libusbd_175x_6x_lib.a(mw_usbd_rom_api.o)
 .debug_aranges
                0x00000a50      0x118 C:\Users\Matata\Dropbox\Tecnicas Digitales 2\Proyecto\Codigo\Micro\Proyecto\lpc_chip_175x_6x\libs\libusbd_175x_6x_lib.a(hw_usbd_ip3503.o)
 .debug_aranges
                0x00000b68       0xd8 C:\Users\Matata\Dropbox\Tecnicas Digitales 2\Proyecto\Codigo\Micro\Proyecto\lpc_chip_175x_6x\libs\libusbd_175x_6x_lib.a(mw_usbd_core.o)
 .debug_aranges